2026-09-13 14:09:22.551: [INFO] CurrentProfilePath: C:\Users\arthu\OneDrive\Área de Trabalho\Atividade_2_Aula_2\.metadata\.plugins\org.eclipse.swt\EBWebView\Default
2026-09-13 14:09:22.551: [INFO] Profiles total count: 1
2026-09-13 14:09:22.551: [INFO] Profile: name=Perfil 1 path=C:\Users\arthu\OneDrive\Área de Trabalho\Atividade_2_Aula_2\.metadata\.plugins\org.eclipse.swt\EBWebView\Default lastActive=null
2026-09-13 14:09:22.551: [INFO] LastUsedProfileDir: C:\Users\arthu\OneDrive\Área de Trabalho\Atividade_2_Aula_2\.metadata\.plugins\org.eclipse.swt\EBWebView\Default
2026-09-13 14:09:22.551: [INFO] OnDoneLoading sync enabled: 0
2026-09-13 14:09:22.551: [INFO] BookmarkModelLoaded, ids_reassigned: 0
2026-09-13 14:09:22.551: [INFO] BookmarksLoadDropped droppedNodes=0
2026-09-13 14:09:22.551: [INFO] BookmarksSnapshot Startup total=0 bar=0 other=0 mobile=0 showBar=0 showBarNTP=1
2026-09-13 14:09:26.647: [INFO] BookmarksSnapshot Shutdown total=0 bar=0 other=0 mobile=0 showBar=0 showBarNTP=1
2026-09-13 14:09:34.948: [INFO] CurrentProfilePath: C:\Users\arthu\OneDrive\Área de Trabalho\Atividade_2_Aula_2\.metadata\.plugins\org.eclipse.swt\EBWebView\Default
2026-09-13 14:09:34.948: [INFO] Profiles total count: 1
2026-09-13 14:09:34.948: [INFO] Profile: name=Perfil 1 path=C:\Users\arthu\OneDrive\Área de Trabalho\Atividade_2_Aula_2\.metadata\.plugins\org.eclipse.swt\EBWebView\Default lastActive=2026-09-13T14:09:23.314Z
2026-09-13 14:09:34.948: [INFO] LastUsedProfileDir: C:\Users\arthu\OneDrive\Área de Trabalho\Atividade_2_Aula_2\.metadata\.plugins\org.eclipse.swt\EBWebView\Default
2026-09-13 14:09:34.948: [INFO] MostRecentlyActiveProfile: name=Perfil 1 path=C:\Users\arthu\OneDrive\Área de Trabalho\Atividade_2_Aula_2\.metadata\.plugins\org.eclipse.swt\EBWebView\Default lastActive=2026-09-13T14:09:23.314Z
2026-09-13 14:09:34.948: [INFO] OnDoneLoading sync enabled: 0
2026-09-13 14:09:34.948: [INFO] BookmarkModelLoaded, ids_reassigned: 0
2026-09-13 14:09:34.948: [INFO] BookmarksLoadDropped droppedNodes=0
2026-09-13 14:09:34.948: [INFO] BookmarksSnapshot Startup total=0 bar=0 other=0 mobile=0 showBar=0 showBarNTP=1
2026-09-13 14:10:40.487: [INFO] BookmarksSnapshot Shutdown total=0 bar=0 other=0 mobile=0 showBar=0 showBarNTP=1
2026-09-13 17:05:23.894: [INFO] CurrentProfilePath: C:\Users\arthu\OneDrive\Área de Trabalho\Atividade_2_Aula_2\.metadata\.plugins\org.eclipse.swt\EBWebView\Default
2026-09-13 17:05:23.894: [INFO] Profiles total count: 1
2026-09-13 17:05:23.895: [INFO] Profile: name=Perfil 1 path=C:\Users\arthu\OneDrive\Área de Trabalho\Atividade_2_Aula_2\.metadata\.plugins\org.eclipse.swt\EBWebView\Default lastActive=2026-09-13T14:10:37.784Z
2026-09-13 17:05:23.895: [INFO] LastUsedProfileDir: C:\Users\arthu\OneDrive\Área de Trabalho\Atividade_2_Aula_2\.metadata\.plugins\org.eclipse.swt\EBWebView\Default
2026-09-13 17:05:23.895: [INFO] MostRecentlyActiveProfile: name=Perfil 1 path=C:\Users\arthu\OneDrive\Área de Trabalho\Atividade_2_Aula_2\.metadata\.plugins\org.eclipse.swt\EBWebView\Default lastActive=2026-09-13T14:10:37.784Z
2026-09-13 17:05:23.895: [INFO] OnDoneLoading sync enabled: 0
2026-09-13 17:05:23.895: [INFO] BookmarkModelLoaded, ids_reassigned: 0
2026-09-13 17:05:23.895: [INFO] BookmarksLoadDropped droppedNodes=0
2026-09-13 17:05:23.895: [INFO] BookmarksSnapshot Startup total=0 bar=0 other=0 mobile=0 showBar=0 showBarNTP=1
2026-09-14 10:58:40.133: [INFO] CurrentProfilePath: C:\Users\arthu\OneDrive\Área de Trabalho\Atividade_2_Aula_2\.metadata\.plugins\org.eclipse.swt\EBWebView\Default
2026-09-14 10:58:40.133: [INFO] Profiles total count: 1
2026-09-14 10:58:40.133: [INFO] Profile: name=Perfil 1 path=C:\Users\arthu\OneDrive\Área de Trabalho\Atividade_2_Aula_2\.metadata\.plugins\org.eclipse.swt\EBWebView\Default lastActive=2026-09-13T14:10:37.784Z
2026-09-14 10:58:40.133: [INFO] LastUsedProfileDir: C:\Users\arthu\OneDrive\Área de Trabalho\Atividade_2_Aula_2\.metadata\.plugins\org.eclipse.swt\EBWebView\Default
2026-09-14 10:58:40.133: [INFO] MostRecentlyActiveProfile: name=Perfil 1 path=C:\Users\arthu\OneDrive\Área de Trabalho\Atividade_2_Aula_2\.metadata\.plugins\org.eclipse.swt\EBWebView\Default lastActive=2026-09-13T14:10:37.784Z
2026-09-14 10:58:40.133: [INFO] OnDoneLoading sync enabled: 0
2026-09-14 10:58:40.133: [INFO] BookmarkModelLoaded, ids_reassigned: 0
2026-09-14 10:58:40.133: [INFO] BookmarksLoadDropped droppedNodes=0
2026-09-14 10:58:40.133: [INFO] BookmarksSnapshot Startup total=0 bar=0 other=0 mobile=0 showBar=0 showBarNTP=1
2026-09-14 10:58:50.557: [INFO] BookmarksSnapshot Shutdown total=0 bar=0 other=0 mobile=0 showBar=0 showBarNTP=1
2026-09-14 11:05:14.494: [INFO] CurrentProfilePath: C:\Users\arthu\OneDrive\Área de Trabalho\Atividade_2_Aula_2\.metadata\.plugins\org.eclipse.swt\EBWebView\Default
2026-09-14 11:05:14.494: [INFO] Profiles total count: 1
2026-09-14 11:05:14.494: [INFO] Profile: name=Perfil 1 path=C:\Users\arthu\OneDrive\Área de Trabalho\Atividade_2_Aula_2\.metadata\.plugins\org.eclipse.swt\EBWebView\Default lastActive=2026-09-14T10:58:46.207Z
2026-09-14 11:05:14.494: [INFO] LastUsedProfileDir: C:\Users\arthu\OneDrive\Área de Trabalho\Atividade_2_Aula_2\.metadata\.plugins\org.eclipse.swt\EBWebView\Default
2026-09-14 11:05:14.494: [INFO] MostRecentlyActiveProfile: name=Perfil 1 path=C:\Users\arthu\OneDrive\Área de Trabalho\Atividade_2_Aula_2\.metadata\.plugins\org.eclipse.swt\EBWebView\Default lastActive=2026-09-14T10:58:46.207Z
2026-09-14 11:05:14.494: [INFO] OnDoneLoading sync enabled: 0
2026-09-14 11:05:14.494: [INFO] BookmarkModelLoaded, ids_reassigned: 0
2026-09-14 11:05:14.494: [INFO] BookmarksLoadDropped droppedNodes=0
2026-09-14 11:05:14.494: [INFO] BookmarksSnapshot Startup total=0 bar=0 other=0 mobile=0 showBar=0 showBarNTP=1
2026-09-14 11:05:18.717: [INFO] BookmarksSnapshot Shutdown total=0 bar=0 other=0 mobile=0 showBar=0 showBarNTP=1
2026-09-14 11:08:01.486: [INFO] CurrentProfilePath: C:\Users\arthu\OneDrive\Área de Trabalho\Atividade_2_Aula_2\.metadata\.plugins\org.eclipse.swt\EBWebView\Default
2026-09-14 11:08:01.486: [INFO] Profiles total count: 1
2026-09-14 11:08:01.487: [INFO] Profile: name=Perfil 1 path=C:\Users\arthu\OneDrive\Área de Trabalho\Atividade_2_Aula_2\.metadata\.plugins\org.eclipse.swt\EBWebView\Default lastActive=2026-09-14T10:58:46.207Z
2026-09-14 11:08:01.487: [INFO] LastUsedProfileDir: C:\Users\arthu\OneDrive\Área de Trabalho\Atividade_2_Aula_2\.metadata\.plugins\org.eclipse.swt\EBWebView\Default
2026-09-14 11:08:01.487: [INFO] MostRecentlyActiveProfile: name=Perfil 1 path=C:\Users\arthu\OneDrive\Área de Trabalho\Atividade_2_Aula_2\.metadata\.plugins\org.eclipse.swt\EBWebView\Default lastActive=2026-09-14T10:58:46.207Z
2026-09-14 11:08:01.487: [INFO] OnDoneLoading sync enabled: 0
2026-09-14 11:08:01.487: [INFO] BookmarkModelLoaded, ids_reassigned: 0
2026-09-14 11:08:01.487: [INFO] BookmarksLoadDropped droppedNodes=0
2026-09-14 11:08:01.487: [INFO] BookmarksSnapshot Startup total=0 bar=0 other=0 mobile=0 showBar=0 showBarNTP=1
2026-09-14 11:08:06.219: [INFO] BookmarksSnapshot Shutdown total=0 bar=0 other=0 mobile=0 showBar=0 showBarNTP=1
2026-09-14 11:09:48.798: [INFO] CurrentProfilePath: C:\Users\arthu\OneDrive\Área de Trabalho\Atividade_2_Aula_2\.metadata\.plugins\org.eclipse.swt\EBWebView\Default
2026-09-14 11:09:48.798: [INFO] Profiles total count: 1
2026-09-14 11:09:48.798: [INFO] Profile: name=Perfil 1 path=C:\Users\arthu\OneDrive\Área de Trabalho\Atividade_2_Aula_2\.metadata\.plugins\org.eclipse.swt\EBWebView\Default lastActive=2026-09-14T10:58:46.207Z
2026-09-14 11:09:48.798: [INFO] LastUsedProfileDir: C:\Users\arthu\OneDrive\Área de Trabalho\Atividade_2_Aula_2\.metadata\.plugins\org.eclipse.swt\EBWebView\Default
2026-09-14 11:09:48.798: [INFO] MostRecentlyActiveProfile: name=Perfil 1 path=C:\Users\arthu\OneDrive\Área de Trabalho\Atividade_2_Aula_2\.metadata\.plugins\org.eclipse.swt\EBWebView\Default lastActive=2026-09-14T10:58:46.207Z
2026-09-14 11:09:48.798: [INFO] OnDoneLoading sync enabled: 0
2026-09-14 11:09:48.798: [INFO] BookmarkModelLoaded, ids_reassigned: 0
2026-09-14 11:09:48.798: [INFO] BookmarksLoadDropped droppedNodes=0
2026-09-14 11:09:48.798: [INFO] BookmarksSnapshot Startup total=0 bar=0 other=0 mobile=0 showBar=0 showBarNTP=1
2026-09-14 11:09:54.092: [INFO] BookmarksSnapshot Shutdown total=0 bar=0 other=0 mobile=0 showBar=0 showBarNTP=1
2026-09-14 11:10:46.080: [INFO] CurrentProfilePath: C:\Users\arthu\OneDrive\Área de Trabalho\Atividade_2_Aula_2\.metadata\.plugins\org.eclipse.swt\EBWebView\Default
2026-09-14 11:10:46.080: [INFO] Profiles total count: 1
2026-09-14 11:10:46.081: [INFO] Profile: name=Perfil 1 path=C:\Users\arthu\OneDrive\Área de Trabalho\Atividade_2_Aula_2\.metadata\.plugins\org.eclipse.swt\EBWebView\Default lastActive=2026-09-14T10:58:46.207Z
2026-09-14 11:10:46.081: [INFO] LastUsedProfileDir: C:\Users\arthu\OneDrive\Área de Trabalho\Atividade_2_Aula_2\.metadata\.plugins\org.eclipse.swt\EBWebView\Default
2026-09-14 11:10:46.081: [INFO] MostRecentlyActiveProfile: name=Perfil 1 path=C:\Users\arthu\OneDrive\Área de Trabalho\Atividade_2_Aula_2\.metadata\.plugins\org.eclipse.swt\EBWebView\Default lastActive=2026-09-14T10:58:46.207Z
2026-09-14 11:10:46.081: [INFO] OnDoneLoading sync enabled: 0
2026-09-14 11:10:46.081: [INFO] BookmarkModelLoaded, ids_reassigned: 0
2026-09-14 11:10:46.081: [INFO] BookmarksLoadDropped droppedNodes=0
2026-09-14 11:10:46.081: [INFO] BookmarksSnapshot Startup total=0 bar=0 other=0 mobile=0 showBar=0 showBarNTP=1
2026-09-14 11:10:48.753: [INFO] BookmarksSnapshot Shutdown total=0 bar=0 other=0 mobile=0 showBar=0 showBarNTP=1
2026-09-14 11:11:04.939: [INFO] CurrentProfilePath: C:\Users\arthu\OneDrive\Área de Trabalho\Atividade_2_Aula_2\.metadata\.plugins\org.eclipse.swt\EBWebView\Default
2026-09-14 11:11:04.939: [INFO] Profiles total count: 1
2026-09-14 11:11:04.939: [INFO] Profile: name=Perfil 1 path=C:\Users\arthu\OneDrive\Área de Trabalho\Atividade_2_Aula_2\.metadata\.plugins\org.eclipse.swt\EBWebView\Default lastActive=2026-09-14T10:58:46.207Z
2026-09-14 11:11:04.939: [INFO] LastUsedProfileDir: C:\Users\arthu\OneDrive\Área de Trabalho\Atividade_2_Aula_2\.metadata\.plugins\org.eclipse.swt\EBWebView\Default
2026-09-14 11:11:04.939: [INFO] MostRecentlyActiveProfile: name=Perfil 1 path=C:\Users\arthu\OneDrive\Área de Trabalho\Atividade_2_Aula_2\.metadata\.plugins\org.eclipse.swt\EBWebView\Default lastActive=2026-09-14T10:58:46.207Z
2026-09-14 11:11:04.939: [INFO] OnDoneLoading sync enabled: 0
2026-09-14 11:11:04.939: [INFO] BookmarkModelLoaded, ids_reassigned: 0
2026-09-14 11:11:04.939: [INFO] BookmarksLoadDropped droppedNodes=0
2026-09-14 11:11:04.939: [INFO] BookmarksSnapshot Startup total=0 bar=0 other=0 mobile=0 showBar=0 showBarNTP=1
2026-09-14 11:11:09.397: [INFO] BookmarksSnapshot Shutdown total=0 bar=0 other=0 mobile=0 showBar=0 showBarNTP=1
2026-09-14 11:11:22.561: [INFO] CurrentProfilePath: C:\Users\arthu\OneDrive\Área de Trabalho\Atividade_2_Aula_2\.metadata\.plugins\org.eclipse.swt\EBWebView\Default
2026-09-14 11:11:22.561: [INFO] Profiles total count: 1
2026-09-14 11:11:22.561: [INFO] Profile: name=Perfil 1 path=C:\Users\arthu\OneDrive\Área de Trabalho\Atividade_2_Aula_2\.metadata\.plugins\org.eclipse.swt\EBWebView\Default lastActive=2026-09-14T10:58:46.207Z
2026-09-14 11:11:22.561: [INFO] LastUsedProfileDir: C:\Users\arthu\OneDrive\Área de Trabalho\Atividade_2_Aula_2\.metadata\.plugins\org.eclipse.swt\EBWebView\Default
2026-09-14 11:11:22.561: [INFO] MostRecentlyActiveProfile: name=Perfil 1 path=C:\Users\arthu\OneDrive\Área de Trabalho\Atividade_2_Aula_2\.metadata\.plugins\org.eclipse.swt\EBWebView\Default lastActive=2026-09-14T10:58:46.207Z
2026-09-14 11:11:22.561: [INFO] OnDoneLoading sync enabled: 0
2026-09-14 11:11:22.561: [INFO] BookmarkModelLoaded, ids_reassigned: 0
2026-09-14 11:11:22.561: [INFO] BookmarksLoadDropped droppedNodes=0
2026-09-14 11:11:22.561: [INFO] BookmarksSnapshot Startup total=0 bar=0 other=0 mobile=0 showBar=0 showBarNTP=1
2026-09-14 11:11:22.703: [INFO] BookmarksSnapshot Shutdown total=0 bar=0 other=0 mobile=0 showBar=0 showBarNTP=1
2026-09-14 11:25:27.176: [INFO] CurrentProfilePath: C:\Users\arthu\OneDrive\Área de Trabalho\Atividade_2_Aula_2\.metadata\.plugins\org.eclipse.swt\EBWebView\Default
2026-09-14 11:25:27.176: [INFO] Profiles total count: 1
2026-09-14 11:25:27.176: [INFO] Profile: name=Perfil 1 path=C:\Users\arthu\OneDrive\Área de Trabalho\Atividade_2_Aula_2\.metadata\.plugins\org.eclipse.swt\EBWebView\Default lastActive=2026-09-14T10:58:46.207Z
2026-09-14 11:25:27.176: [INFO] LastUsedProfileDir: C:\Users\arthu\OneDrive\Área de Trabalho\Atividade_2_Aula_2\.metadata\.plugins\org.eclipse.swt\EBWebView\Default
2026-09-14 11:25:27.176: [INFO] MostRecentlyActiveProfile: name=Perfil 1 path=C:\Users\arthu\OneDrive\Área de Trabalho\Atividade_2_Aula_2\.metadata\.plugins\org.eclipse.swt\EBWebView\Default lastActive=2026-09-14T10:58:46.207Z
2026-09-14 11:25:27.176: [INFO] OnDoneLoading sync enabled: 0
2026-09-14 11:25:27.176: [INFO] BookmarkModelLoaded, ids_reassigned: 0
2026-09-14 11:25:27.176: [INFO] BookmarksLoadDropped droppedNodes=0
2026-09-14 11:25:27.176: [INFO] BookmarksSnapshot Startup total=0 bar=0 other=0 mobile=0 showBar=0 showBarNTP=1
2026-09-14 11:25:42.306: [INFO] BookmarksSnapshot Shutdown total=0 bar=0 other=0 mobile=0 showBar=0 showBarNTP=1
2026-09-14 11:25:43.173: [INFO] CurrentProfilePath: C:\Users\arthu\OneDrive\Área de Trabalho\Atividade_2_Aula_2\.metadata\.plugins\org.eclipse.swt\EBWebView\Default
2026-09-14 11:25:43.173: [INFO] Profiles total count: 1
2026-09-14 11:25:43.173: [INFO] Profile: name=Perfil 1 path=C:\Users\arthu\OneDrive\Área de Trabalho\Atividade_2_Aula_2\.metadata\.plugins\org.eclipse.swt\EBWebView\Default lastActive=2026-09-14T10:58:46.207Z
2026-09-14 11:25:43.173: [INFO] LastUsedProfileDir: C:\Users\arthu\OneDrive\Área de Trabalho\Atividade_2_Aula_2\.metadata\.plugins\org.eclipse.swt\EBWebView\Default
2026-09-14 11:25:43.173: [INFO] MostRecentlyActiveProfile: name=Perfil 1 path=C:\Users\arthu\OneDrive\Área de Trabalho\Atividade_2_Aula_2\.metadata\.plugins\org.eclipse.swt\EBWebView\Default lastActive=2026-09-14T10:58:46.207Z
2026-09-14 11:25:43.173: [INFO] OnDoneLoading sync enabled: 0
2026-09-14 11:25:43.173: [INFO] BookmarkModelLoaded, ids_reassigned: 0
2026-09-14 11:25:43.173: [INFO] BookmarksLoadDropped droppedNodes=0
2026-09-14 11:25:43.173: [INFO] BookmarksSnapshot Startup total=0 bar=0 other=0 mobile=0 showBar=0 showBarNTP=1
2026-09-14 11:25:52.961: [INFO] BookmarksSnapshot Shutdown total=0 bar=0 other=0 mobile=0 showBar=0 showBarNTP=1
2026-09-14 11:37:02.337: [INFO] CurrentProfilePath: C:\Users\arthu\OneDrive\Área de Trabalho\Atividade_2_Aula_2\.metadata\.plugins\org.eclipse.swt\EBWebView\Default
2026-09-14 11:37:02.337: [INFO] Profiles total count: 1
2026-09-14 11:37:02.337: [INFO] Profile: name=Perfil 1 path=C:\Users\arthu\OneDrive\Área de Trabalho\Atividade_2_Aula_2\.metadata\.plugins\org.eclipse.swt\EBWebView\Default lastActive=2026-09-14T10:58:46.207Z
2026-09-14 11:37:02.337: [INFO] LastUsedProfileDir: C:\Users\arthu\OneDrive\Área de Trabalho\Atividade_2_Aula_2\.metadata\.plugins\org.eclipse.swt\EBWebView\Default
2026-09-14 11:37:02.337: [INFO] MostRecentlyActiveProfile: name=Perfil 1 path=C:\Users\arthu\OneDrive\Área de Trabalho\Atividade_2_Aula_2\.metadata\.plugins\org.eclipse.swt\EBWebView\Default lastActive=2026-09-14T10:58:46.207Z
2026-09-14 11:37:02.337: [INFO] OnDoneLoading sync enabled: 0
2026-09-14 11:37:02.337: [INFO] BookmarkModelLoaded, ids_reassigned: 0
2026-09-14 11:37:02.337: [INFO] BookmarksLoadDropped droppedNodes=0
2026-09-14 11:37:02.337: [INFO] BookmarksSnapshot Startup total=0 bar=0 other=0 mobile=0 showBar=0 showBarNTP=1
2026-09-14 11:59:12.893: [INFO] BookmarksSnapshot Shutdown total=0 bar=0 other=0 mobile=0 showBar=0 showBarNTP=1
2026-09-14 12:03:22.833: [INFO] CurrentProfilePath: C:\Users\arthu\OneDrive\Área de Trabalho\Atividade_2_Aula_2\.metadata\.plugins\org.eclipse.swt\EBWebView\Default
2026-09-14 12:03:22.833: [INFO] Profiles total count: 1
2026-09-14 12:03:22.833: [INFO] Profile: name=Perfil 1 path=C:\Users\arthu\OneDrive\Área de Trabalho\Atividade_2_Aula_2\.metadata\.plugins\org.eclipse.swt\EBWebView\Default lastActive=2026-09-14T10:58:46.207Z
2026-09-14 12:03:22.833: [INFO] LastUsedProfileDir: C:\Users\arthu\OneDrive\Área de Trabalho\Atividade_2_Aula_2\.metadata\.plugins\org.eclipse.swt\EBWebView\Default
2026-09-14 12:03:22.833: [INFO] MostRecentlyActiveProfile: name=Perfil 1 path=C:\Users\arthu\OneDrive\Área de Trabalho\Atividade_2_Aula_2\.metadata\.plugins\org.eclipse.swt\EBWebView\Default lastActive=2026-09-14T10:58:46.207Z
2026-09-14 12:03:22.833: [INFO] OnDoneLoading sync enabled: 0
2026-09-14 12:03:22.833: [INFO] BookmarkModelLoaded, ids_reassigned: 0
2026-09-14 12:03:22.833: [INFO] BookmarksLoadDropped droppedNodes=0
2026-09-14 12:03:22.833: [INFO] BookmarksSnapshot Startup total=0 bar=0 other=0 mobile=0 showBar=0 showBarNTP=1
2026-09-14 12:03:27.014: [INFO] BookmarksSnapshot Shutdown total=0 bar=0 other=0 mobile=0 showBar=0 showBarNTP=1
2026-09-14 12:05:31.403: [INFO] CurrentProfilePath: C:\Users\arthu\OneDrive\Área de Trabalho\Atividade_2_Aula_2\.metadata\.plugins\org.eclipse.swt\EBWebView\Default
2026-09-14 12:05:31.403: [INFO] Profiles total count: 1
2026-09-14 12:05:31.403: [INFO] Profile: name=Perfil 1 path=C:\Users\arthu\OneDrive\Área de Trabalho\Atividade_2_Aula_2\.metadata\.plugins\org.eclipse.swt\EBWebView\Default lastActive=2026-09-14T10:58:46.207Z
2026-09-14 12:05:31.403: [INFO] LastUsedProfileDir: C:\Users\arthu\OneDrive\Área de Trabalho\Atividade_2_Aula_2\.metadata\.plugins\org.eclipse.swt\EBWebView\Default
2026-09-14 12:05:31.403: [INFO] MostRecentlyActiveProfile: name=Perfil 1 path=C:\Users\arthu\OneDrive\Área de Trabalho\Atividade_2_Aula_2\.metadata\.plugins\org.eclipse.swt\EBWebView\Default lastActive=2026-09-14T10:58:46.207Z
2026-09-14 12:05:31.403: [INFO] OnDoneLoading sync enabled: 0
2026-09-14 12:05:31.403: [INFO] BookmarkModelLoaded, ids_reassigned: 0
2026-09-14 12:05:31.403: [INFO] BookmarksLoadDropped droppedNodes=0
2026-09-14 12:05:31.403: [INFO] BookmarksSnapshot Startup total=0 bar=0 other=0 mobile=0 showBar=0 showBarNTP=1
2026-09-14 12:05:33.945: [INFO] BookmarksSnapshot Shutdown total=0 bar=0 other=0 mobile=0 showBar=0 showBarNTP=1
2026-09-14 12:05:41.179: [INFO] CurrentProfilePath: C:\Users\arthu\OneDrive\Área de Trabalho\Atividade_2_Aula_2\.metadata\.plugins\org.eclipse.swt\EBWebView\Default
2026-09-14 12:05:41.179: [INFO] Profiles total count: 1
2026-09-14 12:05:41.179: [INFO] Profile: name=Perfil 1 path=C:\Users\arthu\OneDrive\Área de Trabalho\Atividade_2_Aula_2\.metadata\.plugins\org.eclipse.swt\EBWebView\Default lastActive=2026-09-14T10:58:46.207Z
2026-09-14 12:05:41.179: [INFO] LastUsedProfileDir: C:\Users\arthu\OneDrive\Área de Trabalho\Atividade_2_Aula_2\.metadata\.plugins\org.eclipse.swt\EBWebView\Default
2026-09-14 12:05:41.179: [INFO] MostRecentlyActiveProfile: name=Perfil 1 path=C:\Users\arthu\OneDrive\Área de Trabalho\Atividade_2_Aula_2\.metadata\.plugins\org.eclipse.swt\EBWebView\Default lastActive=2026-09-14T10:58:46.207Z
2026-09-14 12:05:41.179: [INFO] OnDoneLoading sync enabled: 0
2026-09-14 12:05:41.179: [INFO] BookmarkModelLoaded, ids_reassigned: 0
2026-09-14 12:05:41.179: [INFO] BookmarksLoadDropped droppedNodes=0
2026-09-14 12:05:41.179: [INFO] BookmarksSnapshot Startup total=0 bar=0 other=0 mobile=0 showBar=0 showBarNTP=1
2026-09-14 12:05:44.875: [INFO] BookmarksSnapshot Shutdown total=0 bar=0 other=0 mobile=0 showBar=0 showBarNTP=1
2026-09-14 12:07:13.969: [INFO] CurrentProfilePath: C:\Users\arthu\OneDrive\Área de Trabalho\Atividade_2_Aula_2\.metadata\.plugins\org.eclipse.swt\EBWebView\Default
2026-09-14 12:07:13.969: [INFO] Profiles total count: 1
2026-09-14 12:07:13.969: [INFO] Profile: name=Perfil 1 path=C:\Users\arthu\OneDrive\Área de Trabalho\Atividade_2_Aula_2\.metadata\.plugins\org.eclipse.swt\EBWebView\Default lastActive=2026-09-14T10:58:46.207Z
2026-09-14 12:07:13.969: [INFO] LastUsedProfileDir: C:\Users\arthu\OneDrive\Área de Trabalho\Atividade_2_Aula_2\.metadata\.plugins\org.eclipse.swt\EBWebView\Default
2026-09-14 12:07:13.970: [INFO] MostRecentlyActiveProfile: name=Perfil 1 path=C:\Users\arthu\OneDrive\Área de Trabalho\Atividade_2_Aula_2\.metadata\.plugins\org.eclipse.swt\EBWebView\Default lastActive=2026-09-14T10:58:46.207Z
2026-09-14 12:07:13.970: [INFO] OnDoneLoading sync enabled: 0
2026-09-14 12:07:13.970: [INFO] BookmarkModelLoaded, ids_reassigned: 0
2026-09-14 12:07:13.970: [INFO] BookmarksLoadDropped droppedNodes=0
2026-09-14 12:07:13.970: [INFO] BookmarksSnapshot Startup total=0 bar=0 other=0 mobile=0 showBar=0 showBarNTP=1
2026-09-14 12:07:17.496: [INFO] BookmarksSnapshot Shutdown total=0 bar=0 other=0 mobile=0 showBar=0 showBarNTP=1
2026-09-14 12:08:28.152: [INFO] CurrentProfilePath: C:\Users\arthu\OneDrive\Área de Trabalho\Atividade_2_Aula_2\.metadata\.plugins\org.eclipse.swt\EBWebView\Default
2026-09-14 12:08:28.152: [INFO] Profiles total count: 1
2026-09-14 12:08:28.152: [INFO] Profile: name=Perfil 1 path=C:\Users\arthu\OneDrive\Área de Trabalho\Atividade_2_Aula_2\.metadata\.plugins\org.eclipse.swt\EBWebView\Default lastActive=2026-09-14T10:58:46.207Z
2026-09-14 12:08:28.152: [INFO] LastUsedProfileDir: C:\Users\arthu\OneDrive\Área de Trabalho\Atividade_2_Aula_2\.metadata\.plugins\org.eclipse.swt\EBWebView\Default
2026-09-14 12:08:28.152: [INFO] MostRecentlyActiveProfile: name=Perfil 1 path=C:\Users\arthu\OneDrive\Área de Trabalho\Atividade_2_Aula_2\.metadata\.plugins\org.eclipse.swt\EBWebView\Default lastActive=2026-09-14T10:58:46.207Z
2026-09-14 12:08:28.153: [INFO] OnDoneLoading sync enabled: 0
2026-09-14 12:08:28.153: [INFO] BookmarkModelLoaded, ids_reassigned: 0
2026-09-14 12:08:28.153: [INFO] BookmarksLoadDropped droppedNodes=0
2026-09-14 12:08:28.153: [INFO] BookmarksSnapshot Startup total=0 bar=0 other=0 mobile=0 showBar=0 showBarNTP=1
2026-09-14 12:08:30.730: [INFO] BookmarksSnapshot Shutdown total=0 bar=0 other=0 mobile=0 showBar=0 showBarNTP=1
2026-09-14 12:09:48.680: [INFO] CurrentProfilePath: C:\Users\arthu\OneDrive\Área de Trabalho\Atividade_2_Aula_2\.metadata\.plugins\org.eclipse.swt\EBWebView\Default
2026-09-14 12:09:48.680: [INFO] Profiles total count: 1
2026-09-14 12:09:48.680: [INFO] Profile: name=Perfil 1 path=C:\Users\arthu\OneDrive\Área de Trabalho\Atividade_2_Aula_2\.metadata\.plugins\org.eclipse.swt\EBWebView\Default lastActive=2026-09-14T10:58:46.207Z
2026-09-14 12:09:48.680: [INFO] LastUsedProfileDir: C:\Users\arthu\OneDrive\Área de Trabalho\Atividade_2_Aula_2\.metadata\.plugins\org.eclipse.swt\EBWebView\Default
2026-09-14 12:09:48.680: [INFO] MostRecentlyActiveProfile: name=Perfil 1 path=C:\Users\arthu\OneDrive\Área de Trabalho\Atividade_2_Aula_2\.metadata\.plugins\org.eclipse.swt\EBWebView\Default lastActive=2026-09-14T10:58:46.207Z
2026-09-14 12:09:48.680: [INFO] OnDoneLoading sync enabled: 0
2026-09-14 12:09:48.681: [INFO] BookmarkModelLoaded, ids_reassigned: 0
2026-09-14 12:09:48.681: [INFO] BookmarksLoadDropped droppedNodes=0
2026-09-14 12:09:48.681: [INFO] BookmarksSnapshot Startup total=0 bar=0 other=0 mobile=0 showBar=0 showBarNTP=1
2026-09-14 12:09:52.117: [INFO] BookmarksSnapshot Shutdown total=0 bar=0 other=0 mobile=0 showBar=0 showBarNTP=1
2026-09-14 12:11:35.773: [INFO] CurrentProfilePath: C:\Users\arthu\OneDrive\Área de Trabalho\Atividade_2_Aula_2\.metadata\.plugins\org.eclipse.swt\EBWebView\Default
2026-09-14 12:11:35.773: [INFO] Profiles total count: 1
2026-09-14 12:11:35.773: [INFO] Profile: name=Perfil 1 path=C:\Users\arthu\OneDrive\Área de Trabalho\Atividade_2_Aula_2\.metadata\.plugins\org.eclipse.swt\EBWebView\Default lastActive=2026-09-14T10:58:46.207Z
2026-09-14 12:11:35.773: [INFO] LastUsedProfileDir: C:\Users\arthu\OneDrive\Área de Trabalho\Atividade_2_Aula_2\.metadata\.plugins\org.eclipse.swt\EBWebView\Default
2026-09-14 12:11:35.773: [INFO] MostRecentlyActiveProfile: name=Perfil 1 path=C:\Users\arthu\OneDrive\Área de Trabalho\Atividade_2_Aula_2\.metadata\.plugins\org.eclipse.swt\EBWebView\Default lastActive=2026-09-14T10:58:46.207Z
2026-09-14 12:11:35.773: [INFO] OnDoneLoading sync enabled: 0
2026-09-14 12:11:35.773: [INFO] BookmarkModelLoaded, ids_reassigned: 0
2026-09-14 12:11:35.773: [INFO] BookmarksLoadDropped droppedNodes=0
2026-09-14 12:11:35.773: [INFO] BookmarksSnapshot Startup total=0 bar=0 other=0 mobile=0 showBar=0 showBarNTP=1
2026-09-14 12:15:37.288: [INFO] BookmarksSnapshot Shutdown total=0 bar=0 other=0 mobile=0 showBar=0 showBarNTP=1
2026-09-14 12:24:28.085: [INFO] CurrentProfilePath: C:\Users\arthu\OneDrive\Área de Trabalho\Atividade_2_Aula_2\.metadata\.plugins\org.eclipse.swt\EBWebView\Default
2026-09-14 12:24:28.085: [INFO] Profiles total count: 1
2026-09-14 12:24:28.085: [INFO] Profile: name=Perfil 1 path=C:\Users\arthu\OneDrive\Área de Trabalho\Atividade_2_Aula_2\.metadata\.plugins\org.eclipse.swt\EBWebView\Default lastActive=2026-09-14T10:58:46.207Z
2026-09-14 12:24:28.085: [INFO] LastUsedProfileDir: C:\Users\arthu\OneDrive\Área de Trabalho\Atividade_2_Aula_2\.metadata\.plugins\org.eclipse.swt\EBWebView\Default
2026-09-14 12:24:28.085: [INFO] MostRecentlyActiveProfile: name=Perfil 1 path=C:\Users\arthu\OneDrive\Área de Trabalho\Atividade_2_Aula_2\.metadata\.plugins\org.eclipse.swt\EBWebView\Default lastActive=2026-09-14T10:58:46.207Z
2026-09-14 12:24:28.085: [INFO] OnDoneLoading sync enabled: 0
2026-09-14 12:24:28.085: [INFO] BookmarkModelLoaded, ids_reassigned: 0
2026-09-14 12:24:28.085: [INFO] BookmarksLoadDropped droppedNodes=0
2026-09-14 12:24:28.085: [INFO] BookmarksSnapshot Startup total=0 bar=0 other=0 mobile=0 showBar=0 showBarNTP=1
2026-09-14 12:24:36.739: [INFO] BookmarksSnapshot Shutdown total=0 bar=0 other=0 mobile=0 showBar=0 showBarNTP=1
2026-09-14 12:27:41.484: [INFO] CurrentProfilePath: C:\Users\arthu\OneDrive\Área de Trabalho\Atividade_2_Aula_2\.metadata\.plugins\org.eclipse.swt\EBWebView\Default
2026-09-14 12:27:41.484: [INFO] Profiles total count: 1
2026-09-14 12:27:41.484: [INFO] Profile: name=Perfil 1 path=C:\Users\arthu\OneDrive\Área de Trabalho\Atividade_2_Aula_2\.metadata\.plugins\org.eclipse.swt\EBWebView\Default lastActive=2026-09-14T10:58:46.207Z
2026-09-14 12:27:41.484: [INFO] LastUsedProfileDir: C:\Users\arthu\OneDrive\Área de Trabalho\Atividade_2_Aula_2\.metadata\.plugins\org.eclipse.swt\EBWebView\Default
2026-09-14 12:27:41.484: [INFO] MostRecentlyActiveProfile: name=Perfil 1 path=C:\Users\arthu\OneDrive\Área de Trabalho\Atividade_2_Aula_2\.metadata\.plugins\org.eclipse.swt\EBWebView\Default lastActive=2026-09-14T10:58:46.207Z
2026-09-14 12:27:41.484: [INFO] OnDoneLoading sync enabled: 0
2026-09-14 12:27:41.484: [INFO] BookmarkModelLoaded, ids_reassigned: 0
2026-09-14 12:27:41.484: [INFO] BookmarksLoadDropped droppedNodes=0
2026-09-14 12:27:41.484: [INFO] BookmarksSnapshot Startup total=0 bar=0 other=0 mobile=0 showBar=0 showBarNTP=1
2026-09-14 12:27:45.570: [INFO] BookmarksSnapshot Shutdown total=0 bar=0 other=0 mobile=0 showBar=0 showBarNTP=1
2026-09-14 12:28:42.194: [INFO] CurrentProfilePath: C:\Users\arthu\OneDrive\Área de Trabalho\Atividade_2_Aula_2\.metadata\.plugins\org.eclipse.swt\EBWebView\Default
2026-09-14 12:28:42.194: [INFO] Profiles total count: 1
2026-09-14 12:28:42.194: [INFO] Profile: name=Perfil 1 path=C:\Users\arthu\OneDrive\Área de Trabalho\Atividade_2_Aula_2\.metadata\.plugins\org.eclipse.swt\EBWebView\Default lastActive=2026-09-14T10:58:46.207Z
2026-09-14 12:28:42.194: [INFO] LastUsedProfileDir: C:\Users\arthu\OneDrive\Área de Trabalho\Atividade_2_Aula_2\.metadata\.plugins\org.eclipse.swt\EBWebView\Default
2026-09-14 12:28:42.194: [INFO] MostRecentlyActiveProfile: name=Perfil 1 path=C:\Users\arthu\OneDrive\Área de Trabalho\Atividade_2_Aula_2\.metadata\.plugins\org.eclipse.swt\EBWebView\Default lastActive=2026-09-14T10:58:46.207Z
2026-09-14 12:28:42.194: [INFO] OnDoneLoading sync enabled: 0
2026-09-14 12:28:42.194: [INFO] BookmarkModelLoaded, ids_reassigned: 0
2026-09-14 12:28:42.194: [INFO] BookmarksLoadDropped droppedNodes=0
2026-09-14 12:28:42.194: [INFO] BookmarksSnapshot Startup total=0 bar=0 other=0 mobile=0 showBar=0 showBarNTP=1
2026-09-14 12:28:44.709: [INFO] BookmarksSnapshot Shutdown total=0 bar=0 other=0 mobile=0 showBar=0 showBarNTP=1
2026-09-14 12:29:06.220: [INFO] CurrentProfilePath: C:\Users\arthu\OneDrive\Área de Trabalho\Atividade_2_Aula_2\.metadata\.plugins\org.eclipse.swt\EBWebView\Default
2026-09-14 12:29:06.220: [INFO] Profiles total count: 1
2026-09-14 12:29:06.220: [INFO] Profile: name=Perfil 1 path=C:\Users\arthu\OneDrive\Área de Trabalho\Atividade_2_Aula_2\.metadata\.plugins\org.eclipse.swt\EBWebView\Default lastActive=2026-09-14T10:58:46.207Z
2026-09-14 12:29:06.220: [INFO] LastUsedProfileDir: C:\Users\arthu\OneDrive\Área de Trabalho\Atividade_2_Aula_2\.metadata\.plugins\org.eclipse.swt\EBWebView\Default
2026-09-14 12:29:06.220: [INFO] MostRecentlyActiveProfile: name=Perfil 1 path=C:\Users\arthu\OneDrive\Área de Trabalho\Atividade_2_Aula_2\.metadata\.plugins\org.eclipse.swt\EBWebView\Default lastActive=2026-09-14T10:58:46.207Z
2026-09-14 12:29:06.220: [INFO] OnDoneLoading sync enabled: 0
2026-09-14 12:29:06.220: [INFO] BookmarkModelLoaded, ids_reassigned: 0
2026-09-14 12:29:06.220: [INFO] BookmarksLoadDropped droppedNodes=0
2026-09-14 12:29:06.220: [INFO] BookmarksSnapshot Startup total=0 bar=0 other=0 mobile=0 showBar=0 showBarNTP=1
2026-09-14 12:29:09.555: [INFO] BookmarksSnapshot Shutdown total=0 bar=0 other=0 mobile=0 showBar=0 showBarNTP=1
2026-09-14 12:30:59.517: [INFO] CurrentProfilePath: C:\Users\arthu\OneDrive\Área de Trabalho\Atividade_2_Aula_2\.metadata\.plugins\org.eclipse.swt\EBWebView\Default
2026-09-14 12:30:59.517: [INFO] Profiles total count: 1
2026-09-14 12:30:59.517: [INFO] Profile: name=Perfil 1 path=C:\Users\arthu\OneDrive\Área de Trabalho\Atividade_2_Aula_2\.metadata\.plugins\org.eclipse.swt\EBWebView\Default lastActive=2026-09-14T10:58:46.207Z
2026-09-14 12:30:59.517: [INFO] LastUsedProfileDir: C:\Users\arthu\OneDrive\Área de Trabalho\Atividade_2_Aula_2\.metadata\.plugins\org.eclipse.swt\EBWebView\Default
2026-09-14 12:30:59.517: [INFO] MostRecentlyActiveProfile: name=Perfil 1 path=C:\Users\arthu\OneDrive\Área de Trabalho\Atividade_2_Aula_2\.metadata\.plugins\org.eclipse.swt\EBWebView\Default lastActive=2026-09-14T10:58:46.207Z
2026-09-14 12:30:59.517: [INFO] OnDoneLoading sync enabled: 0
2026-09-14 12:30:59.517: [INFO] BookmarkModelLoaded, ids_reassigned: 0
2026-09-14 12:30:59.517: [INFO] BookmarksLoadDropped droppedNodes=0
2026-09-14 12:30:59.517: [INFO] BookmarksSnapshot Startup total=0 bar=0 other=0 mobile=0 showBar=0 showBarNTP=1
2026-09-14 12:31:06.988: [INFO] BookmarksSnapshot Shutdown total=0 bar=0 other=0 mobile=0 showBar=0 showBarNTP=1
2026-09-14 12:34:51.444: [INFO] CurrentProfilePath: C:\Users\arthu\OneDrive\Área de Trabalho\Atividade_2_Aula_2\.metadata\.plugins\org.eclipse.swt\EBWebView\Default
2026-09-14 12:34:51.444: [INFO] Profiles total count: 1
2026-09-14 12:34:51.444: [INFO] Profile: name=Perfil 1 path=C:\Users\arthu\OneDrive\Área de Trabalho\Atividade_2_Aula_2\.metadata\.plugins\org.eclipse.swt\EBWebView\Default lastActive=2026-09-14T10:58:46.207Z
2026-09-14 12:34:51.444: [INFO] LastUsedProfileDir: C:\Users\arthu\OneDrive\Área de Trabalho\Atividade_2_Aula_2\.metadata\.plugins\org.eclipse.swt\EBWebView\Default
2026-09-14 12:34:51.444: [INFO] MostRecentlyActiveProfile: name=Perfil 1 path=C:\Users\arthu\OneDrive\Área de Trabalho\Atividade_2_Aula_2\.metadata\.plugins\org.eclipse.swt\EBWebView\Default lastActive=2026-09-14T10:58:46.207Z
2026-09-14 12:34:51.444: [INFO] OnDoneLoading sync enabled: 0
2026-09-14 12:34:51.444: [INFO] BookmarkModelLoaded, ids_reassigned: 0
2026-09-14 12:34:51.444: [INFO] BookmarksLoadDropped droppedNodes=0
2026-09-14 12:34:51.444: [INFO] BookmarksSnapshot Startup total=0 bar=0 other=0 mobile=0 showBar=0 showBarNTP=1
2026-09-14 12:37:27.249: [INFO] BookmarksSnapshot Shutdown total=0 bar=0 other=0 mobile=0 showBar=0 showBarNTP=1
2026-09-14 12:53:18.064: [INFO] CurrentProfilePath: C:\Users\arthu\OneDrive\Área de Trabalho\Atividade_2_Aula_2\.metadata\.plugins\org.eclipse.swt\EBWebView\Default
2026-09-14 12:53:18.065: [INFO] Profiles total count: 1
2026-09-14 12:53:18.065: [INFO] Profile: name=Perfil 1 path=C:\Users\arthu\OneDrive\Área de Trabalho\Atividade_2_Aula_2\.metadata\.plugins\org.eclipse.swt\EBWebView\Default lastActive=2026-09-14T10:58:46.207Z
2026-09-14 12:53:18.065: [INFO] LastUsedProfileDir: C:\Users\arthu\OneDrive\Área de Trabalho\Atividade_2_Aula_2\.metadata\.plugins\org.eclipse.swt\EBWebView\Default
2026-09-14 12:53:18.065: [INFO] MostRecentlyActiveProfile: name=Perfil 1 path=C:\Users\arthu\OneDrive\Área de Trabalho\Atividade_2_Aula_2\.metadata\.plugins\org.eclipse.swt\EBWebView\Default lastActive=2026-09-14T10:58:46.207Z
2026-09-14 12:53:18.065: [INFO] OnDoneLoading sync enabled: 0
2026-09-14 12:53:18.065: [INFO] BookmarkModelLoaded, ids_reassigned: 0
2026-09-14 12:53:18.065: [INFO] BookmarksLoadDropped droppedNodes=0
2026-09-14 12:53:18.065: [INFO] BookmarksSnapshot Startup total=0 bar=0 other=0 mobile=0 showBar=0 showBarNTP=1
2026-09-14 12:53:21.363: [INFO] BookmarksSnapshot Shutdown total=0 bar=0 other=0 mobile=0 showBar=0 showBarNTP=1
2026-09-14 12:59:35.973: [INFO] CurrentProfilePath: C:\Users\arthu\OneDrive\Área de Trabalho\Atividade_2_Aula_2\.metadata\.plugins\org.eclipse.swt\EBWebView\Default
2026-09-14 12:59:35.973: [INFO] Profiles total count: 1
2026-09-14 12:59:35.973: [INFO] Profile: name=Perfil 1 path=C:\Users\arthu\OneDrive\Área de Trabalho\Atividade_2_Aula_2\.metadata\.plugins\org.eclipse.swt\EBWebView\Default lastActive=2026-09-14T10:58:46.207Z
2026-09-14 12:59:35.973: [INFO] LastUsedProfileDir: C:\Users\arthu\OneDrive\Área de Trabalho\Atividade_2_Aula_2\.metadata\.plugins\org.eclipse.swt\EBWebView\Default
2026-09-14 12:59:35.973: [INFO] MostRecentlyActiveProfile: name=Perfil 1 path=C:\Users\arthu\OneDrive\Área de Trabalho\Atividade_2_Aula_2\.metadata\.plugins\org.eclipse.swt\EBWebView\Default lastActive=2026-09-14T10:58:46.207Z
2026-09-14 12:59:35.973: [INFO] OnDoneLoading sync enabled: 0
2026-09-14 12:59:35.973: [INFO] BookmarkModelLoaded, ids_reassigned: 0
2026-09-14 12:59:35.973: [INFO] BookmarksLoadDropped droppedNodes=0
2026-09-14 12:59:35.973: [INFO] BookmarksSnapshot Startup total=0 bar=0 other=0 mobile=0 showBar=0 showBarNTP=1
2026-09-14 13:15:53.951: [INFO] BookmarksSnapshot Shutdown total=0 bar=0 other=0 mobile=0 showBar=0 showBarNTP=1
2026-09-14 13:28:33.790: [INFO] CurrentProfilePath: C:\Users\arthu\OneDrive\Área de Trabalho\Atividade_2_Aula_2\.metadata\.plugins\org.eclipse.swt\EBWebView\Default
2026-09-14 13:28:33.790: [INFO] Profiles total count: 1
2026-09-14 13:28:33.790: [INFO] Profile: name=Perfil 1 path=C:\Users\arthu\OneDrive\Área de Trabalho\Atividade_2_Aula_2\.metadata\.plugins\org.eclipse.swt\EBWebView\Default lastActive=2026-09-14T10:58:46.207Z
2026-09-14 13:28:33.790: [INFO] LastUsedProfileDir: C:\Users\arthu\OneDrive\Área de Trabalho\Atividade_2_Aula_2\.metadata\.plugins\org.eclipse.swt\EBWebView\Default
2026-09-14 13:28:33.790: [INFO] MostRecentlyActiveProfile: name=Perfil 1 path=C:\Users\arthu\OneDrive\Área de Trabalho\Atividade_2_Aula_2\.metadata\.plugins\org.eclipse.swt\EBWebView\Default lastActive=2026-09-14T10:58:46.207Z
2026-09-14 13:28:33.790: [INFO] OnDoneLoading sync enabled: 0
2026-09-14 13:28:33.790: [INFO] BookmarkModelLoaded, ids_reassigned: 0
2026-09-14 13:28:33.790: [INFO] BookmarksLoadDropped droppedNodes=0
2026-09-14 13:28:33.790: [INFO] BookmarksSnapshot Startup total=0 bar=0 other=0 mobile=0 showBar=0 showBarNTP=1
2026-09-14 13:28:36.396: [INFO] BookmarksSnapshot Shutdown total=0 bar=0 other=0 mobile=0 showBar=0 showBarNTP=1
2026-09-14 13:28:59.519: [INFO] CurrentProfilePath: C:\Users\arthu\OneDrive\Área de Trabalho\Atividade_2_Aula_2\.metadata\.plugins\org.eclipse.swt\EBWebView\Default
2026-09-14 13:28:59.519: [INFO] Profiles total count: 1
2026-09-14 13:28:59.519: [INFO] Profile: name=Perfil 1 path=C:\Users\arthu\OneDrive\Área de Trabalho\Atividade_2_Aula_2\.metadata\.plugins\org.eclipse.swt\EBWebView\Default lastActive=2026-09-14T10:58:46.207Z
2026-09-14 13:28:59.519: [INFO] LastUsedProfileDir: C:\Users\arthu\OneDrive\Área de Trabalho\Atividade_2_Aula_2\.metadata\.plugins\org.eclipse.swt\EBWebView\Default
2026-09-14 13:28:59.519: [INFO] MostRecentlyActiveProfile: name=Perfil 1 path=C:\Users\arthu\OneDrive\Área de Trabalho\Atividade_2_Aula_2\.metadata\.plugins\org.eclipse.swt\EBWebView\Default lastActive=2026-09-14T10:58:46.207Z
2026-09-14 13:28:59.519: [INFO] OnDoneLoading sync enabled: 0
2026-09-14 13:28:59.519: [INFO] BookmarkModelLoaded, ids_reassigned: 0
2026-09-14 13:28:59.519: [INFO] BookmarksLoadDropped droppedNodes=0
2026-09-14 13:28:59.519: [INFO] BookmarksSnapshot Startup total=0 bar=0 other=0 mobile=0 showBar=0 showBarNTP=1
2026-09-14 13:29:03.491: [INFO] BookmarksSnapshot Shutdown total=0 bar=0 other=0 mobile=0 showBar=0 showBarNTP=1
2026-09-14 13:31:03.240: [INFO] CurrentProfilePath: C:\Users\arthu\OneDrive\Área de Trabalho\Atividade_2_Aula_2\.metadata\.plugins\org.eclipse.swt\EBWebView\Default
2026-09-14 13:31:03.240: [INFO] Profiles total count: 1
2026-09-14 13:31:03.240: [INFO] Profile: name=Perfil 1 path=C:\Users\arthu\OneDrive\Área de Trabalho\Atividade_2_Aula_2\.metadata\.plugins\org.eclipse.swt\EBWebView\Default lastActive=2026-09-14T10:58:46.207Z
2026-09-14 13:31:03.240: [INFO] LastUsedProfileDir: C:\Users\arthu\OneDrive\Área de Trabalho\Atividade_2_Aula_2\.metadata\.plugins\org.eclipse.swt\EBWebView\Default
2026-09-14 13:31:03.240: [INFO] MostRecentlyActiveProfile: name=Perfil 1 path=C:\Users\arthu\OneDrive\Área de Trabalho\Atividade_2_Aula_2\.metadata\.plugins\org.eclipse.swt\EBWebView\Default lastActive=2026-09-14T10:58:46.207Z
2026-09-14 13:31:03.240: [INFO] OnDoneLoading sync enabled: 0
2026-09-14 13:31:03.240: [INFO] BookmarkModelLoaded, ids_reassigned: 0
2026-09-14 13:31:03.240: [INFO] BookmarksLoadDropped droppedNodes=0
2026-09-14 13:31:03.240: [INFO] BookmarksSnapshot Startup total=0 bar=0 other=0 mobile=0 showBar=0 showBarNTP=1
2026-09-14 13:35:45.149: [INFO] BookmarksSnapshot Shutdown total=0 bar=0 other=0 mobile=0 showBar=0 showBarNTP=1
2026-09-14 13:35:55.622: [INFO] CurrentProfilePath: C:\Users\arthu\OneDrive\Área de Trabalho\Atividade_2_Aula_2\.metadata\.plugins\org.eclipse.swt\EBWebView\Default
2026-09-14 13:35:55.622: [INFO] Profiles total count: 1
2026-09-14 13:35:55.622: [INFO] Profile: name=Perfil 1 path=C:\Users\arthu\OneDrive\Área de Trabalho\Atividade_2_Aula_2\.metadata\.plugins\org.eclipse.swt\EBWebView\Default lastActive=2026-09-14T10:58:46.207Z
2026-09-14 13:35:55.622: [INFO] LastUsedProfileDir: C:\Users\arthu\OneDrive\Área de Trabalho\Atividade_2_Aula_2\.metadata\.plugins\org.eclipse.swt\EBWebView\Default
2026-09-14 13:35:55.622: [INFO] MostRecentlyActiveProfile: name=Perfil 1 path=C:\Users\arthu\OneDrive\Área de Trabalho\Atividade_2_Aula_2\.metadata\.plugins\org.eclipse.swt\EBWebView\Default lastActive=2026-09-14T10:58:46.207Z
2026-09-14 13:35:55.622: [INFO] OnDoneLoading sync enabled: 0
2026-09-14 13:35:55.622: [INFO] BookmarkModelLoaded, ids_reassigned: 0
2026-09-14 13:35:55.622: [INFO] BookmarksLoadDropped droppedNodes=0
2026-09-14 13:35:55.622: [INFO] BookmarksSnapshot Startup total=0 bar=0 other=0 mobile=0 showBar=0 showBarNTP=1
2026-09-14 13:42:22.408: [INFO] BookmarksSnapshot Shutdown total=0 bar=0 other=0 mobile=0 showBar=0 showBarNTP=1
2026-09-14 15:06:45.465: [INFO] CurrentProfilePath: C:\Users\arthu\OneDrive\Área de Trabalho\Atividade_2_Aula_2\.metadata\.plugins\org.eclipse.swt\EBWebView\Default
2026-09-14 15:06:45.465: [INFO] Profiles total count: 1
2026-09-14 15:06:45.465: [INFO] Profile: name=Perfil 1 path=C:\Users\arthu\OneDrive\Área de Trabalho\Atividade_2_Aula_2\.metadata\.plugins\org.eclipse.swt\EBWebView\Default lastActive=2026-09-14T14:53:36.791Z
2026-09-14 15:06:45.465: [INFO] LastUsedProfileDir: C:\Users\arthu\OneDrive\Área de Trabalho\Atividade_2_Aula_2\.metadata\.plugins\org.eclipse.swt\EBWebView\Default
2026-09-14 15:06:45.465: [INFO] MostRecentlyActiveProfile: name=Perfil 1 path=C:\Users\arthu\OneDrive\Área de Trabalho\Atividade_2_Aula_2\.metadata\.plugins\org.eclipse.swt\EBWebView\Default lastActive=2026-09-14T14:53:36.791Z
2026-09-14 15:06:45.465: [INFO] OnDoneLoading sync enabled: 0
2026-09-14 15:06:45.465: [INFO] BookmarkModelLoaded, ids_reassigned: 0
2026-09-14 15:06:45.465: [INFO] BookmarksLoadDropped droppedNodes=0
2026-09-14 15:06:45.465: [INFO] BookmarksSnapshot Startup total=0 bar=0 other=0 mobile=0 showBar=0 showBarNTP=1
2026-09-14 15:06:50.377: [INFO] BookmarksSnapshot Shutdown total=0 bar=0 other=0 mobile=0 showBar=0 showBarNTP=1
2026-09-14 15:20:22.448: [INFO] CurrentProfilePath: C:\Users\arthu\OneDrive\Área de Trabalho\Atividade_2_Aula_2\.metadata\.plugins\org.eclipse.swt\EBWebView\Default
2026-09-14 15:20:22.448: [INFO] Profiles total count: 1
2026-09-14 15:20:22.448: [INFO] Profile: name=Perfil 1 path=C:\Users\arthu\OneDrive\Área de Trabalho\Atividade_2_Aula_2\.metadata\.plugins\org.eclipse.swt\EBWebView\Default lastActive=2026-09-14T14:53:36.791Z
2026-09-14 15:20:22.448: [INFO] LastUsedProfileDir: C:\Users\arthu\OneDrive\Área de Trabalho\Atividade_2_Aula_2\.metadata\.plugins\org.eclipse.swt\EBWebView\Default
2026-09-14 15:20:22.448: [INFO] MostRecentlyActiveProfile: name=Perfil 1 path=C:\Users\arthu\OneDrive\Área de Trabalho\Atividade_2_Aula_2\.metadata\.plugins\org.eclipse.swt\EBWebView\Default lastActive=2026-09-14T14:53:36.791Z
2026-09-14 15:20:22.449: [INFO] OnDoneLoading sync enabled: 0
2026-09-14 15:20:22.449: [INFO] BookmarkModelLoaded, ids_reassigned: 0
2026-09-14 15:20:22.449: [INFO] BookmarksLoadDropped droppedNodes=0
2026-09-14 15:20:22.449: [INFO] BookmarksSnapshot Startup total=0 bar=0 other=0 mobile=0 showBar=0 showBarNTP=1
2026-09-14 15:20:28.424: [INFO] BookmarksSnapshot Shutdown total=0 bar=0 other=0 mobile=0 showBar=0 showBarNTP=1
2026-09-14 15:20:50.281: [INFO] CurrentProfilePath: C:\Users\arthu\OneDrive\Área de Trabalho\Atividade_2_Aula_2\.metadata\.plugins\org.eclipse.swt\EBWebView\Default
2026-09-14 15:20:50.281: [INFO] Profiles total count: 1
2026-09-14 15:20:50.281: [INFO] Profile: name=Perfil 1 path=C:\Users\arthu\OneDrive\Área de Trabalho\Atividade_2_Aula_2\.metadata\.plugins\org.eclipse.swt\EBWebView\Default lastActive=2026-09-14T14:53:36.791Z
2026-09-14 15:20:50.281: [INFO] LastUsedProfileDir: C:\Users\arthu\OneDrive\Área de Trabalho\Atividade_2_Aula_2\.metadata\.plugins\org.eclipse.swt\EBWebView\Default
2026-09-14 15:20:50.281: [INFO] MostRecentlyActiveProfile: name=Perfil 1 path=C:\Users\arthu\OneDrive\Área de Trabalho\Atividade_2_Aula_2\.metadata\.plugins\org.eclipse.swt\EBWebView\Default lastActive=2026-09-14T14:53:36.791Z
2026-09-14 15:20:50.281: [INFO] OnDoneLoading sync enabled: 0
2026-09-14 15:20:50.281: [INFO] BookmarkModelLoaded, ids_reassigned: 0
2026-09-14 15:20:50.281: [INFO] BookmarksLoadDropped droppedNodes=0
2026-09-14 15:20:50.281: [INFO] BookmarksSnapshot Startup total=0 bar=0 other=0 mobile=0 showBar=0 showBarNTP=1
2026-09-14 15:20:57.101: [INFO] BookmarksSnapshot Shutdown total=0 bar=0 other=0 mobile=0 showBar=0 showBarNTP=1
2026-09-14 15:29:04.072: [INFO] CurrentProfilePath: C:\Users\arthu\OneDrive\Área de Trabalho\Atividade_2_Aula_2\.metadata\.plugins\org.eclipse.swt\EBWebView\Default
2026-09-14 15:29:04.072: [INFO] Profiles total count: 1
2026-09-14 15:29:04.072: [INFO] Profile: name=Perfil 1 path=C:\Users\arthu\OneDrive\Área de Trabalho\Atividade_2_Aula_2\.metadata\.plugins\org.eclipse.swt\EBWebView\Default lastActive=2026-09-14T14:53:36.791Z
2026-09-14 15:29:04.072: [INFO] LastUsedProfileDir: C:\Users\arthu\OneDrive\Área de Trabalho\Atividade_2_Aula_2\.metadata\.plugins\org.eclipse.swt\EBWebView\Default
2026-09-14 15:29:04.072: [INFO] MostRecentlyActiveProfile: name=Perfil 1 path=C:\Users\arthu\OneDrive\Área de Trabalho\Atividade_2_Aula_2\.metadata\.plugins\org.eclipse.swt\EBWebView\Default lastActive=2026-09-14T14:53:36.791Z
2026-09-14 15:29:04.072: [INFO] OnDoneLoading sync enabled: 0
2026-09-14 15:29:04.072: [INFO] BookmarkModelLoaded, ids_reassigned: 0
2026-09-14 15:29:04.072: [INFO] BookmarksLoadDropped droppedNodes=0
2026-09-14 15:29:04.072: [INFO] BookmarksSnapshot Startup total=0 bar=0 other=0 mobile=0 showBar=0 showBarNTP=1
2026-09-14 15:53:36.148: [INFO] BookmarksSnapshot Shutdown total=0 bar=0 other=0 mobile=0 showBar=0 showBarNTP=1
2026-09-14 22:28:33.917: [INFO] CurrentProfilePath: C:\Users\arthu\OneDrive\Área de Trabalho\Atividade_2_Aula_2\.metadata\.plugins\org.eclipse.swt\EBWebView\Default
2026-09-14 22:28:33.917: [INFO] Profiles total count: 1
2026-09-14 22:28:33.917: [INFO] Profile: name=Perfil 1 path=C:\Users\arthu\OneDrive\Área de Trabalho\Atividade_2_Aula_2\.metadata\.plugins\org.eclipse.swt\EBWebView\Default lastActive=2026-09-14T14:53:36.791Z
2026-09-14 22:28:33.917: [INFO] LastUsedProfileDir: C:\Users\arthu\OneDrive\Área de Trabalho\Atividade_2_Aula_2\.metadata\.plugins\org.eclipse.swt\EBWebView\Default
2026-09-14 22:28:33.917: [INFO] MostRecentlyActiveProfile: name=Perfil 1 path=C:\Users\arthu\OneDrive\Área de Trabalho\Atividade_2_Aula_2\.metadata\.plugins\org.eclipse.swt\EBWebView\Default lastActive=2026-09-14T14:53:36.791Z
2026-09-14 22:28:33.917: [INFO] OnDoneLoading sync enabled: 0
2026-09-14 22:28:33.917: [INFO] BookmarkModelLoaded, ids_reassigned: 0
2026-09-14 22:28:33.917: [INFO] BookmarksLoadDropped droppedNodes=0
2026-09-14 22:28:33.917: [INFO] BookmarksSnapshot Startup total=0 bar=0 other=0 mobile=0 showBar=0 showBarNTP=1
2026-09-14 22:30:25.252: [INFO] BookmarksSnapshot Shutdown total=0 bar=0 other=0 mobile=0 showBar=0 showBarNTP=1
2026-09-14 22:30:46.861: [INFO] CurrentProfilePath: C:\Users\arthu\OneDrive\Área de Trabalho\Atividade_2_Aula_2\.metadata\.plugins\org.eclipse.swt\EBWebView\Default
2026-09-14 22:30:46.861: [INFO] Profiles total count: 1
2026-09-14 22:30:46.861: [INFO] Profile: name=Perfil 1 path=C:\Users\arthu\OneDrive\Área de Trabalho\Atividade_2_Aula_2\.metadata\.plugins\org.eclipse.swt\EBWebView\Default lastActive=2026-09-14T22:30:22.900Z
2026-09-14 22:30:46.861: [INFO] LastUsedProfileDir: C:\Users\arthu\OneDrive\Área de Trabalho\Atividade_2_Aula_2\.metadata\.plugins\org.eclipse.swt\EBWebView\Default
2026-09-14 22:30:46.861: [INFO] MostRecentlyActiveProfile: name=Perfil 1 path=C:\Users\arthu\OneDrive\Área de Trabalho\Atividade_2_Aula_2\.metadata\.plugins\org.eclipse.swt\EBWebView\Default lastActive=2026-09-14T22:30:22.900Z
2026-09-14 22:30:46.861: [INFO] OnDoneLoading sync enabled: 0
2026-09-14 22:30:46.861: [INFO] BookmarkModelLoaded, ids_reassigned: 0
2026-09-14 22:30:46.861: [INFO] BookmarksLoadDropped droppedNodes=0
2026-09-14 22:30:46.861: [INFO] BookmarksSnapshot Startup total=0 bar=0 other=0 mobile=0 showBar=0 showBarNTP=1
2026-09-14 22:41:05.521: [INFO] BookmarksSnapshot Shutdown total=0 bar=0 other=0 mobile=0 showBar=0 showBarNTP=1
2026-09-14 22:48:17.889: [INFO] CurrentProfilePath: C:\Users\arthu\OneDrive\Área de Trabalho\Exercícios_Lista_2_Aula_2\Atividade_Lista_2_Aula_2\.metadata\.plugins\org.eclipse.swt\EBWebView\Default
2026-09-14 22:48:17.889: [INFO] Profiles total count: 1
2026-09-14 22:48:17.889: [INFO] Profile: name=Perfil 1 path=C:\Users\arthu\OneDrive\Área de Trabalho\Exercícios_Lista_2_Aula_2\Atividade_Lista_2_Aula_2\.metadata\.plugins\org.eclipse.swt\EBWebView\Default lastActive=2026-09-14T22:30:22.900Z
2026-09-14 22:48:17.889: [INFO] LastUsedProfileDir: C:\Users\arthu\OneDrive\Área de Trabalho\Exercícios_Lista_2_Aula_2\Atividade_Lista_2_Aula_2\.metadata\.plugins\org.eclipse.swt\EBWebView\Default
2026-09-14 22:48:17.889: [INFO] MostRecentlyActiveProfile: name=Perfil 1 path=C:\Users\arthu\OneDrive\Área de Trabalho\Exercícios_Lista_2_Aula_2\Atividade_Lista_2_Aula_2\.metadata\.plugins\org.eclipse.swt\EBWebView\Default lastActive=2026-09-14T22:30:22.900Z
2026-09-14 22:48:17.889: [INFO] OnDoneLoading sync enabled: 0
2026-09-14 22:48:17.889: [INFO] BookmarkModelLoaded, ids_reassigned: 0
2026-09-14 22:48:17.889: [INFO] BookmarksLoadDropped droppedNodes=0
2026-09-14 22:48:17.889: [INFO] BookmarksSnapshot Startup total=0 bar=0 other=0 mobile=0 showBar=0 showBarNTP=1
2026-09-14 22:48:36.613: [INFO] BookmarksSnapshot Shutdown total=0 bar=0 other=0 mobile=0 showBar=0 showBarNTP=1
