2026-09-18 06:40:40.776: [INFO] CurrentProfilePath: C:\Users\arthu\OneDrive\Área de Trabalho\Atividades_Lista_3_Aula_3\.metadata\.plugins\org.eclipse.swt\EBWebView\Default
2026-09-18 06:40:40.776: [INFO] Profiles total count: 1
2026-09-18 06:40:40.776: [INFO] Profile: name=Perfil 1 path=C:\Users\arthu\OneDrive\Área de Trabalho\Atividades_Lista_3_Aula_3\.metadata\.plugins\org.eclipse.swt\EBWebView\Default lastActive=null
2026-09-18 06:40:40.776: [INFO] LastUsedProfileDir: C:\Users\arthu\OneDrive\Área de Trabalho\Atividades_Lista_3_Aula_3\.metadata\.plugins\org.eclipse.swt\EBWebView\Default
2026-09-18 06:40:40.776: [INFO] OnDoneLoading sync enabled: 0
2026-09-18 06:40:40.776: [INFO] BookmarkModelLoaded, ids_reassigned: 0
2026-09-18 06:40:40.776: [INFO] BookmarksLoadDropped droppedNodes=0
2026-09-18 06:40:40.776: [INFO] BookmarksSnapshot Startup total=0 bar=0 other=0 mobile=0 showBar=0 showBarNTP=1
2026-09-18 06:40:53.621: [INFO] BookmarksSnapshot Shutdown total=0 bar=0 other=0 mobile=0 showBar=0 showBarNTP=1
2026-09-18 06:46:26.252: [INFO] CurrentProfilePath: C:\Users\arthu\OneDrive\Área de Trabalho\Atividades_Lista_3_Aula_3\.metadata\.plugins\org.eclipse.swt\EBWebView\Default
2026-09-18 06:46:26.252: [INFO] Profiles total count: 1
2026-09-18 06:46:26.252: [INFO] Profile: name=Perfil 1 path=C:\Users\arthu\OneDrive\Área de Trabalho\Atividades_Lista_3_Aula_3\.metadata\.plugins\org.eclipse.swt\EBWebView\Default lastActive=2026-09-18T06:40:42.044Z
2026-09-18 06:46:26.252: [INFO] LastUsedProfileDir: C:\Users\arthu\OneDrive\Área de Trabalho\Atividades_Lista_3_Aula_3\.metadata\.plugins\org.eclipse.swt\EBWebView\Default
2026-09-18 06:46:26.252: [INFO] MostRecentlyActiveProfile: name=Perfil 1 path=C:\Users\arthu\OneDrive\Área de Trabalho\Atividades_Lista_3_Aula_3\.metadata\.plugins\org.eclipse.swt\EBWebView\Default lastActive=2026-09-18T06:40:42.044Z
2026-09-18 06:46:26.252: [INFO] OnDoneLoading sync enabled: 0
2026-09-18 06:46:26.252: [INFO] BookmarkModelLoaded, ids_reassigned: 0
2026-09-18 06:46:26.252: [INFO] BookmarksLoadDropped droppedNodes=0
2026-09-18 06:46:26.252: [INFO] BookmarksSnapshot Startup total=0 bar=0 other=0 mobile=0 showBar=0 showBarNTP=1
2026-09-18 06:48:58.019: [INFO] BookmarksSnapshot Shutdown total=0 bar=0 other=0 mobile=0 showBar=0 showBarNTP=1
2026-09-18 06:50:09.017: [INFO] CurrentProfilePath: C:\Users\arthu\OneDrive\Área de Trabalho\Atividades_Lista_3_Aula_3\.metadata\.plugins\org.eclipse.swt\EBWebView\Default
2026-09-18 06:50:09.017: [INFO] Profiles total count: 1
2026-09-18 06:50:09.017: [INFO] Profile: name=Perfil 1 path=C:\Users\arthu\OneDrive\Área de Trabalho\Atividades_Lista_3_Aula_3\.metadata\.plugins\org.eclipse.swt\EBWebView\Default lastActive=2026-09-18T06:40:42.044Z
2026-09-18 06:50:09.017: [INFO] LastUsedProfileDir: C:\Users\arthu\OneDrive\Área de Trabalho\Atividades_Lista_3_Aula_3\.metadata\.plugins\org.eclipse.swt\EBWebView\Default
2026-09-18 06:50:09.017: [INFO] MostRecentlyActiveProfile: name=Perfil 1 path=C:\Users\arthu\OneDrive\Área de Trabalho\Atividades_Lista_3_Aula_3\.metadata\.plugins\org.eclipse.swt\EBWebView\Default lastActive=2026-09-18T06:40:42.044Z
2026-09-18 06:50:09.017: [INFO] OnDoneLoading sync enabled: 0
2026-09-18 06:50:09.017: [INFO] BookmarkModelLoaded, ids_reassigned: 0
2026-09-18 06:50:09.017: [INFO] BookmarksLoadDropped droppedNodes=0
2026-09-18 06:50:09.017: [INFO] BookmarksSnapshot Startup total=0 bar=0 other=0 mobile=0 showBar=0 showBarNTP=1
2026-09-18 06:55:31.053: [INFO] BookmarksSnapshot Shutdown total=0 bar=0 other=0 mobile=0 showBar=0 showBarNTP=1
2026-09-18 06:57:16.909: [INFO] CurrentProfilePath: C:\Users\arthu\OneDrive\Área de Trabalho\Atividades_Lista_3_Aula_3\.metadata\.plugins\org.eclipse.swt\EBWebView\Default
2026-09-18 06:57:16.909: [INFO] Profiles total count: 1
2026-09-18 06:57:16.909: [INFO] Profile: name=Perfil 1 path=C:\Users\arthu\OneDrive\Área de Trabalho\Atividades_Lista_3_Aula_3\.metadata\.plugins\org.eclipse.swt\EBWebView\Default lastActive=2026-09-18T06:40:42.044Z
2026-09-18 06:57:16.909: [INFO] LastUsedProfileDir: C:\Users\arthu\OneDrive\Área de Trabalho\Atividades_Lista_3_Aula_3\.metadata\.plugins\org.eclipse.swt\EBWebView\Default
2026-09-18 06:57:16.909: [INFO] MostRecentlyActiveProfile: name=Perfil 1 path=C:\Users\arthu\OneDrive\Área de Trabalho\Atividades_Lista_3_Aula_3\.metadata\.plugins\org.eclipse.swt\EBWebView\Default lastActive=2026-09-18T06:40:42.044Z
2026-09-18 06:57:16.909: [INFO] OnDoneLoading sync enabled: 0
2026-09-18 06:57:16.909: [INFO] BookmarkModelLoaded, ids_reassigned: 0
2026-09-18 06:57:16.909: [INFO] BookmarksLoadDropped droppedNodes=0
2026-09-18 06:57:16.909: [INFO] BookmarksSnapshot Startup total=0 bar=0 other=0 mobile=0 showBar=0 showBarNTP=1
2026-09-18 11:11:28.263: [INFO] BookmarksSnapshot Shutdown total=0 bar=0 other=0 mobile=0 showBar=0 showBarNTP=1
2026-09-19 12:04:45.055: [INFO] CurrentProfilePath: C:\Users\arthu\OneDrive\Área de Trabalho\Atividades_Lista_3_Aula_3\.metadata\.plugins\org.eclipse.swt\EBWebView\Default
2026-09-19 12:04:45.055: [INFO] Profiles total count: 1
2026-09-19 12:04:45.055: [INFO] Profile: name=Perfil 1 path=C:\Users\arthu\OneDrive\Área de Trabalho\Atividades_Lista_3_Aula_3\.metadata\.plugins\org.eclipse.swt\EBWebView\Default lastActive=2026-09-18T06:40:42.044Z
2026-09-19 12:04:45.055: [INFO] LastUsedProfileDir: C:\Users\arthu\OneDrive\Área de Trabalho\Atividades_Lista_3_Aula_3\.metadata\.plugins\org.eclipse.swt\EBWebView\Default
2026-09-19 12:04:45.055: [INFO] MostRecentlyActiveProfile: name=Perfil 1 path=C:\Users\arthu\OneDrive\Área de Trabalho\Atividades_Lista_3_Aula_3\.metadata\.plugins\org.eclipse.swt\EBWebView\Default lastActive=2026-09-18T06:40:42.044Z
2026-09-19 12:04:45.055: [INFO] OnDoneLoading sync enabled: 0
2026-09-19 12:04:45.055: [INFO] BookmarkModelLoaded, ids_reassigned: 0
2026-09-19 12:04:45.055: [INFO] BookmarksLoadDropped droppedNodes=0
2026-09-19 12:04:45.055: [INFO] BookmarksSnapshot Startup total=0 bar=0 other=0 mobile=0 showBar=0 showBarNTP=1
2026-09-19 14:11:06.995: [INFO] BookmarksSnapshot Shutdown total=0 bar=0 other=0 mobile=0 showBar=0 showBarNTP=1
2026-09-21 12:25:04.139: [INFO] CurrentProfilePath: C:\Users\arthu\OneDrive\Área de Trabalho\Atividades_Lista_3_Aula_3\.metadata\.plugins\org.eclipse.swt\EBWebView\Default
2026-09-21 12:25:04.139: [INFO] Profiles total count: 1
2026-09-21 12:25:04.139: [INFO] Profile: name=Perfil 1 path=C:\Users\arthu\OneDrive\Área de Trabalho\Atividades_Lista_3_Aula_3\.metadata\.plugins\org.eclipse.swt\EBWebView\Default lastActive=2026-09-18T06:40:42.044Z
2026-09-21 12:25:04.139: [INFO] LastUsedProfileDir: C:\Users\arthu\OneDrive\Área de Trabalho\Atividades_Lista_3_Aula_3\.metadata\.plugins\org.eclipse.swt\EBWebView\Default
2026-09-21 12:25:04.139: [INFO] MostRecentlyActiveProfile: name=Perfil 1 path=C:\Users\arthu\OneDrive\Área de Trabalho\Atividades_Lista_3_Aula_3\.metadata\.plugins\org.eclipse.swt\EBWebView\Default lastActive=2026-09-18T06:40:42.044Z
2026-09-21 12:25:04.139: [INFO] OnDoneLoading sync enabled: 0
2026-09-21 12:25:04.139: [INFO] BookmarkModelLoaded, ids_reassigned: 0
2026-09-21 12:25:04.139: [INFO] BookmarksLoadDropped droppedNodes=0
2026-09-21 12:25:04.139: [INFO] BookmarksSnapshot Startup total=0 bar=0 other=0 mobile=0 showBar=0 showBarNTP=1
2026-09-21 12:25:07.521: [INFO] BookmarksSnapshot Shutdown total=0 bar=0 other=0 mobile=0 showBar=0 showBarNTP=1
2026-09-21 12:32:27.688: [INFO] CurrentProfilePath: C:\Users\arthu\OneDrive\Área de Trabalho\Atividades_Lista_3_Aula_3\.metadata\.plugins\org.eclipse.swt\EBWebView\Default
2026-09-21 12:32:27.688: [INFO] Profiles total count: 1
2026-09-21 12:32:27.688: [INFO] Profile: name=Perfil 1 path=C:\Users\arthu\OneDrive\Área de Trabalho\Atividades_Lista_3_Aula_3\.metadata\.plugins\org.eclipse.swt\EBWebView\Default lastActive=2026-09-18T06:40:42.044Z
2026-09-21 12:32:27.688: [INFO] LastUsedProfileDir: C:\Users\arthu\OneDrive\Área de Trabalho\Atividades_Lista_3_Aula_3\.metadata\.plugins\org.eclipse.swt\EBWebView\Default
2026-09-21 12:32:27.688: [INFO] MostRecentlyActiveProfile: name=Perfil 1 path=C:\Users\arthu\OneDrive\Área de Trabalho\Atividades_Lista_3_Aula_3\.metadata\.plugins\org.eclipse.swt\EBWebView\Default lastActive=2026-09-18T06:40:42.044Z
2026-09-21 12:32:27.688: [INFO] OnDoneLoading sync enabled: 0
2026-09-21 12:32:27.688: [INFO] BookmarkModelLoaded, ids_reassigned: 0
2026-09-21 12:32:27.688: [INFO] BookmarksLoadDropped droppedNodes=0
2026-09-21 12:32:27.688: [INFO] BookmarksSnapshot Startup total=0 bar=0 other=0 mobile=0 showBar=0 showBarNTP=1
2026-09-21 12:32:27.875: [INFO] BookmarksSnapshot Shutdown total=0 bar=0 other=0 mobile=0 showBar=0 showBarNTP=1
2026-09-21 12:33:33.686: [INFO] CurrentProfilePath: C:\Users\arthu\OneDrive\Área de Trabalho\Atividades_Lista_3_Aula_3\.metadata\.plugins\org.eclipse.swt\EBWebView\Default
2026-09-21 12:33:33.686: [INFO] Profiles total count: 1
2026-09-21 12:33:33.687: [INFO] Profile: name=Perfil 1 path=C:\Users\arthu\OneDrive\Área de Trabalho\Atividades_Lista_3_Aula_3\.metadata\.plugins\org.eclipse.swt\EBWebView\Default lastActive=2026-09-18T06:40:42.044Z
2026-09-21 12:33:33.687: [INFO] LastUsedProfileDir: C:\Users\arthu\OneDrive\Área de Trabalho\Atividades_Lista_3_Aula_3\.metadata\.plugins\org.eclipse.swt\EBWebView\Default
2026-09-21 12:33:33.687: [INFO] MostRecentlyActiveProfile: name=Perfil 1 path=C:\Users\arthu\OneDrive\Área de Trabalho\Atividades_Lista_3_Aula_3\.metadata\.plugins\org.eclipse.swt\EBWebView\Default lastActive=2026-09-18T06:40:42.044Z
2026-09-21 12:33:33.687: [INFO] OnDoneLoading sync enabled: 0
2026-09-21 12:33:33.687: [INFO] BookmarkModelLoaded, ids_reassigned: 0
2026-09-21 12:33:33.687: [INFO] BookmarksLoadDropped droppedNodes=0
2026-09-21 12:33:33.687: [INFO] BookmarksSnapshot Startup total=0 bar=0 other=0 mobile=0 showBar=0 showBarNTP=1
2026-09-21 12:33:33.844: [INFO] BookmarksSnapshot Shutdown total=0 bar=0 other=0 mobile=0 showBar=0 showBarNTP=1
2026-09-21 12:36:38.755: [INFO] CurrentProfilePath: C:\Users\arthu\OneDrive\Área de Trabalho\Atividades_Lista_3_Aula_3\.metadata\.plugins\org.eclipse.swt\EBWebView\Default
2026-09-21 12:36:38.755: [INFO] Profiles total count: 1
2026-09-21 12:36:38.755: [INFO] Profile: name=Perfil 1 path=C:\Users\arthu\OneDrive\Área de Trabalho\Atividades_Lista_3_Aula_3\.metadata\.plugins\org.eclipse.swt\EBWebView\Default lastActive=2026-09-18T06:40:42.044Z
2026-09-21 12:36:38.755: [INFO] LastUsedProfileDir: C:\Users\arthu\OneDrive\Área de Trabalho\Atividades_Lista_3_Aula_3\.metadata\.plugins\org.eclipse.swt\EBWebView\Default
2026-09-21 12:36:38.755: [INFO] MostRecentlyActiveProfile: name=Perfil 1 path=C:\Users\arthu\OneDrive\Área de Trabalho\Atividades_Lista_3_Aula_3\.metadata\.plugins\org.eclipse.swt\EBWebView\Default lastActive=2026-09-18T06:40:42.044Z
2026-09-21 12:36:38.755: [INFO] OnDoneLoading sync enabled: 0
2026-09-21 12:36:38.755: [INFO] BookmarkModelLoaded, ids_reassigned: 0
2026-09-21 12:36:38.755: [INFO] BookmarksLoadDropped droppedNodes=0
2026-09-21 12:36:38.755: [INFO] BookmarksSnapshot Startup total=0 bar=0 other=0 mobile=0 showBar=0 showBarNTP=1
2026-09-21 13:14:01.144: [INFO] BookmarksSnapshot Shutdown total=0 bar=0 other=0 mobile=0 showBar=0 showBarNTP=1
2026-09-21 17:06:08.225: [INFO] CurrentProfilePath: C:\Users\arthu\OneDrive\Área de Trabalho\Atividades_Lista_3_Aula_3\.metadata\.plugins\org.eclipse.swt\EBWebView\Default
2026-09-21 17:06:08.225: [INFO] Profiles total count: 1
2026-09-21 17:06:08.225: [INFO] Profile: name=Perfil 1 path=C:\Users\arthu\OneDrive\Área de Trabalho\Atividades_Lista_3_Aula_3\.metadata\.plugins\org.eclipse.swt\EBWebView\Default lastActive=2026-09-18T06:40:42.044Z
2026-09-21 17:06:08.225: [INFO] LastUsedProfileDir: C:\Users\arthu\OneDrive\Área de Trabalho\Atividades_Lista_3_Aula_3\.metadata\.plugins\org.eclipse.swt\EBWebView\Default
2026-09-21 17:06:08.225: [INFO] MostRecentlyActiveProfile: name=Perfil 1 path=C:\Users\arthu\OneDrive\Área de Trabalho\Atividades_Lista_3_Aula_3\.metadata\.plugins\org.eclipse.swt\EBWebView\Default lastActive=2026-09-18T06:40:42.044Z
2026-09-21 17:06:08.225: [INFO] OnDoneLoading sync enabled: 0
2026-09-21 17:06:08.225: [INFO] BookmarkModelLoaded, ids_reassigned: 0
2026-09-21 17:06:08.225: [INFO] BookmarksLoadDropped droppedNodes=0
2026-09-21 17:06:08.225: [INFO] BookmarksSnapshot Startup total=0 bar=0 other=0 mobile=0 showBar=0 showBarNTP=1
2026-09-21 17:06:14.631: [INFO] BookmarksSnapshot Shutdown total=0 bar=0 other=0 mobile=0 showBar=0 showBarNTP=1
2026-09-21 17:13:26.850: [INFO] CurrentProfilePath: C:\Users\arthu\OneDrive\Área de Trabalho\Atividades_Lista_3_Aula_3\.metadata\.plugins\org.eclipse.swt\EBWebView\Default
2026-09-21 17:13:26.850: [INFO] Profiles total count: 1
2026-09-21 17:13:26.850: [INFO] Profile: name=Perfil 1 path=C:\Users\arthu\OneDrive\Área de Trabalho\Atividades_Lista_3_Aula_3\.metadata\.plugins\org.eclipse.swt\EBWebView\Default lastActive=2026-09-18T06:40:42.044Z
2026-09-21 17:13:26.850: [INFO] LastUsedProfileDir: C:\Users\arthu\OneDrive\Área de Trabalho\Atividades_Lista_3_Aula_3\.metadata\.plugins\org.eclipse.swt\EBWebView\Default
2026-09-21 17:13:26.850: [INFO] MostRecentlyActiveProfile: name=Perfil 1 path=C:\Users\arthu\OneDrive\Área de Trabalho\Atividades_Lista_3_Aula_3\.metadata\.plugins\org.eclipse.swt\EBWebView\Default lastActive=2026-09-18T06:40:42.044Z
2026-09-21 17:13:26.850: [INFO] OnDoneLoading sync enabled: 0
2026-09-21 17:13:26.851: [INFO] BookmarkModelLoaded, ids_reassigned: 0
2026-09-21 17:13:26.851: [INFO] BookmarksLoadDropped droppedNodes=0
2026-09-21 17:13:26.851: [INFO] BookmarksSnapshot Startup total=0 bar=0 other=0 mobile=0 showBar=0 showBarNTP=1
2026-09-21 17:31:25.147: [INFO] BookmarksSnapshot Shutdown total=0 bar=0 other=0 mobile=0 showBar=0 showBarNTP=1
2026-09-21 17:32:25.715: [INFO] CurrentProfilePath: C:\Users\arthu\OneDrive\Área de Trabalho\Atividades_Lista_3_Aula_3\.metadata\.plugins\org.eclipse.swt\EBWebView\Default
2026-09-21 17:32:25.715: [INFO] Profiles total count: 1
2026-09-21 17:32:25.715: [INFO] Profile: name=Perfil 1 path=C:\Users\arthu\OneDrive\Área de Trabalho\Atividades_Lista_3_Aula_3\.metadata\.plugins\org.eclipse.swt\EBWebView\Default lastActive=2026-09-18T06:40:42.044Z
2026-09-21 17:32:25.715: [INFO] LastUsedProfileDir: C:\Users\arthu\OneDrive\Área de Trabalho\Atividades_Lista_3_Aula_3\.metadata\.plugins\org.eclipse.swt\EBWebView\Default
2026-09-21 17:32:25.715: [INFO] MostRecentlyActiveProfile: name=Perfil 1 path=C:\Users\arthu\OneDrive\Área de Trabalho\Atividades_Lista_3_Aula_3\.metadata\.plugins\org.eclipse.swt\EBWebView\Default lastActive=2026-09-18T06:40:42.044Z
2026-09-21 17:32:25.715: [INFO] OnDoneLoading sync enabled: 0
2026-09-21 17:32:25.715: [INFO] BookmarkModelLoaded, ids_reassigned: 0
2026-09-21 17:32:25.715: [INFO] BookmarksLoadDropped droppedNodes=0
2026-09-21 17:32:25.715: [INFO] BookmarksSnapshot Startup total=0 bar=0 other=0 mobile=0 showBar=0 showBarNTP=1
2026-09-21 17:32:31.052: [INFO] BookmarksSnapshot Shutdown total=0 bar=0 other=0 mobile=0 showBar=0 showBarNTP=1
2026-09-21 19:36:24.498: [INFO] CurrentProfilePath: C:\Users\arthu\OneDrive\Área de Trabalho\Atividades_Lista_3_Aula_3\.metadata\.plugins\org.eclipse.swt\EBWebView\Default
2026-09-21 19:36:24.498: [INFO] Profiles total count: 1
2026-09-21 19:36:24.498: [INFO] Profile: name=Perfil 1 path=C:\Users\arthu\OneDrive\Área de Trabalho\Atividades_Lista_3_Aula_3\.metadata\.plugins\org.eclipse.swt\EBWebView\Default lastActive=2026-09-21T17:32:28.415Z
2026-09-21 19:36:24.498: [INFO] LastUsedProfileDir: C:\Users\arthu\OneDrive\Área de Trabalho\Atividades_Lista_3_Aula_3\.metadata\.plugins\org.eclipse.swt\EBWebView\Default
2026-09-21 19:36:24.498: [INFO] MostRecentlyActiveProfile: name=Perfil 1 path=C:\Users\arthu\OneDrive\Área de Trabalho\Atividades_Lista_3_Aula_3\.metadata\.plugins\org.eclipse.swt\EBWebView\Default lastActive=2026-09-21T17:32:28.415Z
2026-09-21 19:36:24.498: [INFO] OnDoneLoading sync enabled: 0
2026-09-21 19:36:24.498: [INFO] BookmarkModelLoaded, ids_reassigned: 0
2026-09-21 19:36:24.498: [INFO] BookmarksLoadDropped droppedNodes=0
2026-09-21 19:36:24.498: [INFO] BookmarksSnapshot Startup total=0 bar=0 other=0 mobile=0 showBar=0 showBarNTP=1
2026-09-21 19:37:19.514: [INFO] BookmarksSnapshot Shutdown total=0 bar=0 other=0 mobile=0 showBar=0 showBarNTP=1
2026-09-21 19:42:55.519: [INFO] CurrentProfilePath: C:\Users\arthu\OneDrive\Área de Trabalho\Atividades_Lista_3_Aula_3\.metadata\.plugins\org.eclipse.swt\EBWebView\Default
2026-09-21 19:42:55.519: [INFO] Profiles total count: 1
2026-09-21 19:42:55.519: [INFO] Profile: name=Perfil 1 path=C:\Users\arthu\OneDrive\Área de Trabalho\Atividades_Lista_3_Aula_3\.metadata\.plugins\org.eclipse.swt\EBWebView\Default lastActive=2026-09-21T17:32:28.415Z
2026-09-21 19:42:55.519: [INFO] LastUsedProfileDir: C:\Users\arthu\OneDrive\Área de Trabalho\Atividades_Lista_3_Aula_3\.metadata\.plugins\org.eclipse.swt\EBWebView\Default
2026-09-21 19:42:55.519: [INFO] MostRecentlyActiveProfile: name=Perfil 1 path=C:\Users\arthu\OneDrive\Área de Trabalho\Atividades_Lista_3_Aula_3\.metadata\.plugins\org.eclipse.swt\EBWebView\Default lastActive=2026-09-21T17:32:28.415Z
2026-09-21 19:42:55.519: [INFO] OnDoneLoading sync enabled: 0
2026-09-21 19:42:55.519: [INFO] BookmarkModelLoaded, ids_reassigned: 0
2026-09-21 19:42:55.519: [INFO] BookmarksLoadDropped droppedNodes=0
2026-09-21 19:42:55.519: [INFO] BookmarksSnapshot Startup total=0 bar=0 other=0 mobile=0 showBar=0 showBarNTP=1
2026-09-21 19:42:55.762: [INFO] BookmarksSnapshot Shutdown total=0 bar=0 other=0 mobile=0 showBar=0 showBarNTP=1
2026-09-21 19:47:39.024: [INFO] CurrentProfilePath: C:\Users\arthu\OneDrive\Área de Trabalho\Atividades_Lista_3_Aula_3\.metadata\.plugins\org.eclipse.swt\EBWebView\Default
2026-09-21 19:47:39.024: [INFO] Profiles total count: 1
2026-09-21 19:47:39.024: [INFO] Profile: name=Perfil 1 path=C:\Users\arthu\OneDrive\Área de Trabalho\Atividades_Lista_3_Aula_3\.metadata\.plugins\org.eclipse.swt\EBWebView\Default lastActive=2026-09-21T17:32:28.415Z
2026-09-21 19:47:39.024: [INFO] LastUsedProfileDir: C:\Users\arthu\OneDrive\Área de Trabalho\Atividades_Lista_3_Aula_3\.metadata\.plugins\org.eclipse.swt\EBWebView\Default
2026-09-21 19:47:39.024: [INFO] MostRecentlyActiveProfile: name=Perfil 1 path=C:\Users\arthu\OneDrive\Área de Trabalho\Atividades_Lista_3_Aula_3\.metadata\.plugins\org.eclipse.swt\EBWebView\Default lastActive=2026-09-21T17:32:28.415Z
2026-09-21 19:47:39.024: [INFO] OnDoneLoading sync enabled: 0
2026-09-21 19:47:39.024: [INFO] BookmarkModelLoaded, ids_reassigned: 0
2026-09-21 19:47:39.024: [INFO] BookmarksLoadDropped droppedNodes=0
2026-09-21 19:47:39.024: [INFO] BookmarksSnapshot Startup total=0 bar=0 other=0 mobile=0 showBar=0 showBarNTP=1
2026-09-21 22:12:09.050: [INFO] BookmarksSnapshot Shutdown total=0 bar=0 other=0 mobile=0 showBar=0 showBarNTP=1
2026-09-22 12:59:42.377: [INFO] CurrentProfilePath: C:\Users\arthu\OneDrive\Área de Trabalho\Atividades_Lista_3_Aula_3\.metadata\.plugins\org.eclipse.swt\EBWebView\Default
2026-09-22 12:59:42.377: [INFO] Profiles total count: 1
2026-09-22 12:59:42.377: [INFO] Profile: name=Perfil 1 path=C:\Users\arthu\OneDrive\Área de Trabalho\Atividades_Lista_3_Aula_3\.metadata\.plugins\org.eclipse.swt\EBWebView\Default lastActive=2026-09-21T17:32:28.415Z
2026-09-22 12:59:42.377: [INFO] LastUsedProfileDir: C:\Users\arthu\OneDrive\Área de Trabalho\Atividades_Lista_3_Aula_3\.metadata\.plugins\org.eclipse.swt\EBWebView\Default
2026-09-22 12:59:42.377: [INFO] MostRecentlyActiveProfile: name=Perfil 1 path=C:\Users\arthu\OneDrive\Área de Trabalho\Atividades_Lista_3_Aula_3\.metadata\.plugins\org.eclipse.swt\EBWebView\Default lastActive=2026-09-21T17:32:28.415Z
2026-09-22 12:59:42.377: [INFO] OnDoneLoading sync enabled: 0
2026-09-22 12:59:42.377: [INFO] BookmarkModelLoaded, ids_reassigned: 0
2026-09-22 12:59:42.377: [INFO] BookmarksLoadDropped droppedNodes=0
2026-09-22 12:59:42.377: [INFO] BookmarksSnapshot Startup total=0 bar=0 other=0 mobile=0 showBar=0 showBarNTP=1
2026-09-22 12:59:51.211: [INFO] BookmarksSnapshot Shutdown total=0 bar=0 other=0 mobile=0 showBar=0 showBarNTP=1
2026-09-22 13:00:04.440: [INFO] CurrentProfilePath: C:\Users\arthu\OneDrive\Área de Trabalho\Atividades_Lista_3_Aula_3\.metadata\.plugins\org.eclipse.swt\EBWebView\Default
2026-09-22 13:00:04.440: [INFO] Profiles total count: 1
2026-09-22 13:00:04.440: [INFO] Profile: name=Perfil 1 path=C:\Users\arthu\OneDrive\Área de Trabalho\Atividades_Lista_3_Aula_3\.metadata\.plugins\org.eclipse.swt\EBWebView\Default lastActive=2026-09-21T17:32:28.415Z
2026-09-22 13:00:04.440: [INFO] LastUsedProfileDir: C:\Users\arthu\OneDrive\Área de Trabalho\Atividades_Lista_3_Aula_3\.metadata\.plugins\org.eclipse.swt\EBWebView\Default
2026-09-22 13:00:04.440: [INFO] MostRecentlyActiveProfile: name=Perfil 1 path=C:\Users\arthu\OneDrive\Área de Trabalho\Atividades_Lista_3_Aula_3\.metadata\.plugins\org.eclipse.swt\EBWebView\Default lastActive=2026-09-21T17:32:28.415Z
2026-09-22 13:00:04.440: [INFO] OnDoneLoading sync enabled: 0
2026-09-22 13:00:04.440: [INFO] BookmarkModelLoaded, ids_reassigned: 0
2026-09-22 13:00:04.440: [INFO] BookmarksLoadDropped droppedNodes=0
2026-09-22 13:00:04.440: [INFO] BookmarksSnapshot Startup total=0 bar=0 other=0 mobile=0 showBar=0 showBarNTP=1
2026-09-22 13:00:07.592: [INFO] BookmarksSnapshot Shutdown total=0 bar=0 other=0 mobile=0 showBar=0 showBarNTP=1
2026-09-22 13:11:13.202: [INFO] CurrentProfilePath: C:\Users\arthu\OneDrive\Área de Trabalho\Atividades_Lista_3_Aula_3\.metadata\.plugins\org.eclipse.swt\EBWebView\Default
2026-09-22 13:11:13.202: [INFO] Profiles total count: 1
2026-09-22 13:11:13.202: [INFO] Profile: name=Perfil 1 path=C:\Users\arthu\OneDrive\Área de Trabalho\Atividades_Lista_3_Aula_3\.metadata\.plugins\org.eclipse.swt\EBWebView\Default lastActive=2026-09-21T17:32:28.415Z
2026-09-22 13:11:13.202: [INFO] LastUsedProfileDir: C:\Users\arthu\OneDrive\Área de Trabalho\Atividades_Lista_3_Aula_3\.metadata\.plugins\org.eclipse.swt\EBWebView\Default
2026-09-22 13:11:13.203: [INFO] MostRecentlyActiveProfile: name=Perfil 1 path=C:\Users\arthu\OneDrive\Área de Trabalho\Atividades_Lista_3_Aula_3\.metadata\.plugins\org.eclipse.swt\EBWebView\Default lastActive=2026-09-21T17:32:28.415Z
2026-09-22 13:11:13.203: [INFO] OnDoneLoading sync enabled: 0
2026-09-22 13:11:13.203: [INFO] BookmarkModelLoaded, ids_reassigned: 0
2026-09-22 13:11:13.203: [INFO] BookmarksLoadDropped droppedNodes=0
2026-09-22 13:11:13.203: [INFO] BookmarksSnapshot Startup total=0 bar=0 other=0 mobile=0 showBar=0 showBarNTP=1
2026-09-22 13:11:13.425: [INFO] BookmarksSnapshot Shutdown total=0 bar=0 other=0 mobile=0 showBar=0 showBarNTP=1
2026-09-22 13:11:18.076: [INFO] CurrentProfilePath: C:\Users\arthu\OneDrive\Área de Trabalho\Atividades_Lista_3_Aula_3\.metadata\.plugins\org.eclipse.swt\EBWebView\Default
2026-09-22 13:11:18.076: [INFO] Profiles total count: 1
2026-09-22 13:11:18.076: [INFO] Profile: name=Perfil 1 path=C:\Users\arthu\OneDrive\Área de Trabalho\Atividades_Lista_3_Aula_3\.metadata\.plugins\org.eclipse.swt\EBWebView\Default lastActive=2026-09-21T17:32:28.415Z
2026-09-22 13:11:18.076: [INFO] LastUsedProfileDir: C:\Users\arthu\OneDrive\Área de Trabalho\Atividades_Lista_3_Aula_3\.metadata\.plugins\org.eclipse.swt\EBWebView\Default
2026-09-22 13:11:18.076: [INFO] MostRecentlyActiveProfile: name=Perfil 1 path=C:\Users\arthu\OneDrive\Área de Trabalho\Atividades_Lista_3_Aula_3\.metadata\.plugins\org.eclipse.swt\EBWebView\Default lastActive=2026-09-21T17:32:28.415Z
2026-09-22 13:11:18.076: [INFO] OnDoneLoading sync enabled: 0
2026-09-22 13:11:18.076: [INFO] BookmarkModelLoaded, ids_reassigned: 0
2026-09-22 13:11:18.076: [INFO] BookmarksLoadDropped droppedNodes=0
2026-09-22 13:11:18.076: [INFO] BookmarksSnapshot Startup total=0 bar=0 other=0 mobile=0 showBar=0 showBarNTP=1
2026-09-22 13:11:21.454: [INFO] BookmarksSnapshot Shutdown total=0 bar=0 other=0 mobile=0 showBar=0 showBarNTP=1
2026-09-22 13:11:32.559: [INFO] CurrentProfilePath: C:\Users\arthu\OneDrive\Área de Trabalho\Atividades_Lista_3_Aula_3\.metadata\.plugins\org.eclipse.swt\EBWebView\Default
2026-09-22 13:11:32.559: [INFO] Profiles total count: 1
2026-09-22 13:11:32.559: [INFO] Profile: name=Perfil 1 path=C:\Users\arthu\OneDrive\Área de Trabalho\Atividades_Lista_3_Aula_3\.metadata\.plugins\org.eclipse.swt\EBWebView\Default lastActive=2026-09-21T17:32:28.415Z
2026-09-22 13:11:32.559: [INFO] LastUsedProfileDir: C:\Users\arthu\OneDrive\Área de Trabalho\Atividades_Lista_3_Aula_3\.metadata\.plugins\org.eclipse.swt\EBWebView\Default
2026-09-22 13:11:32.559: [INFO] MostRecentlyActiveProfile: name=Perfil 1 path=C:\Users\arthu\OneDrive\Área de Trabalho\Atividades_Lista_3_Aula_3\.metadata\.plugins\org.eclipse.swt\EBWebView\Default lastActive=2026-09-21T17:32:28.415Z
2026-09-22 13:11:32.559: [INFO] OnDoneLoading sync enabled: 0
2026-09-22 13:11:32.559: [INFO] BookmarkModelLoaded, ids_reassigned: 0
2026-09-22 13:11:32.559: [INFO] BookmarksLoadDropped droppedNodes=0
2026-09-22 13:11:32.559: [INFO] BookmarksSnapshot Startup total=0 bar=0 other=0 mobile=0 showBar=0 showBarNTP=1
2026-09-22 13:46:44.774: [INFO] BookmarksSnapshot Shutdown total=0 bar=0 other=0 mobile=0 showBar=0 showBarNTP=1
2026-09-22 13:54:05.157: [INFO] CurrentProfilePath: C:\Users\arthu\OneDrive\Área de Trabalho\Atividades_Lista_3_Aula_3\.metadata\.plugins\org.eclipse.swt\EBWebView\Default
2026-09-22 13:54:05.157: [INFO] Profiles total count: 1
2026-09-22 13:54:05.157: [INFO] Profile: name=Perfil 1 path=C:\Users\arthu\OneDrive\Área de Trabalho\Atividades_Lista_3_Aula_3\.metadata\.plugins\org.eclipse.swt\EBWebView\Default lastActive=2026-09-21T17:32:28.415Z
2026-09-22 13:54:05.157: [INFO] LastUsedProfileDir: C:\Users\arthu\OneDrive\Área de Trabalho\Atividades_Lista_3_Aula_3\.metadata\.plugins\org.eclipse.swt\EBWebView\Default
2026-09-22 13:54:05.157: [INFO] MostRecentlyActiveProfile: name=Perfil 1 path=C:\Users\arthu\OneDrive\Área de Trabalho\Atividades_Lista_3_Aula_3\.metadata\.plugins\org.eclipse.swt\EBWebView\Default lastActive=2026-09-21T17:32:28.415Z
2026-09-22 13:54:05.157: [INFO] OnDoneLoading sync enabled: 0
2026-09-22 13:54:05.157: [INFO] BookmarkModelLoaded, ids_reassigned: 0
2026-09-22 13:54:05.157: [INFO] BookmarksLoadDropped droppedNodes=0
2026-09-22 13:54:05.157: [INFO] BookmarksSnapshot Startup total=0 bar=0 other=0 mobile=0 showBar=0 showBarNTP=1
2026-09-22 13:55:46.514: [INFO] BookmarksSnapshot Shutdown total=0 bar=0 other=0 mobile=0 showBar=0 showBarNTP=1
2026-09-22 13:56:02.046: [INFO] CurrentProfilePath: C:\Users\arthu\OneDrive\Área de Trabalho\Atividades_Lista_3_Aula_3\.metadata\.plugins\org.eclipse.swt\EBWebView\Default
2026-09-22 13:56:02.047: [INFO] Profiles total count: 1
2026-09-22 13:56:02.047: [INFO] Profile: name=Perfil 1 path=C:\Users\arthu\OneDrive\Área de Trabalho\Atividades_Lista_3_Aula_3\.metadata\.plugins\org.eclipse.swt\EBWebView\Default lastActive=2026-09-21T17:32:28.415Z
2026-09-22 13:56:02.047: [INFO] LastUsedProfileDir: C:\Users\arthu\OneDrive\Área de Trabalho\Atividades_Lista_3_Aula_3\.metadata\.plugins\org.eclipse.swt\EBWebView\Default
2026-09-22 13:56:02.047: [INFO] MostRecentlyActiveProfile: name=Perfil 1 path=C:\Users\arthu\OneDrive\Área de Trabalho\Atividades_Lista_3_Aula_3\.metadata\.plugins\org.eclipse.swt\EBWebView\Default lastActive=2026-09-21T17:32:28.415Z
2026-09-22 13:56:02.047: [INFO] OnDoneLoading sync enabled: 0
2026-09-22 13:56:02.047: [INFO] BookmarkModelLoaded, ids_reassigned: 0
2026-09-22 13:56:02.047: [INFO] BookmarksLoadDropped droppedNodes=0
2026-09-22 13:56:02.047: [INFO] BookmarksSnapshot Startup total=0 bar=0 other=0 mobile=0 showBar=0 showBarNTP=1
2026-09-22 14:13:54.407: [INFO] BookmarksSnapshot Shutdown total=0 bar=0 other=0 mobile=0 showBar=0 showBarNTP=1
2026-09-22 16:39:43.143: [INFO] CurrentProfilePath: C:\Users\arthu\OneDrive\Área de Trabalho\Atividades_Lista_3_Aula_3\.metadata\.plugins\org.eclipse.swt\EBWebView\Default
2026-09-22 16:39:43.143: [INFO] Profiles total count: 1
2026-09-22 16:39:43.143: [INFO] Profile: name=Perfil 1 path=C:\Users\arthu\OneDrive\Área de Trabalho\Atividades_Lista_3_Aula_3\.metadata\.plugins\org.eclipse.swt\EBWebView\Default lastActive=2026-09-21T17:32:28.415Z
2026-09-22 16:39:43.143: [INFO] LastUsedProfileDir: C:\Users\arthu\OneDrive\Área de Trabalho\Atividades_Lista_3_Aula_3\.metadata\.plugins\org.eclipse.swt\EBWebView\Default
2026-09-22 16:39:43.143: [INFO] MostRecentlyActiveProfile: name=Perfil 1 path=C:\Users\arthu\OneDrive\Área de Trabalho\Atividades_Lista_3_Aula_3\.metadata\.plugins\org.eclipse.swt\EBWebView\Default lastActive=2026-09-21T17:32:28.415Z
2026-09-22 16:39:43.143: [INFO] OnDoneLoading sync enabled: 0
2026-09-22 16:39:43.143: [INFO] BookmarkModelLoaded, ids_reassigned: 0
2026-09-22 16:39:43.143: [INFO] BookmarksLoadDropped droppedNodes=0
2026-09-22 16:39:43.143: [INFO] BookmarksSnapshot Startup total=0 bar=0 other=0 mobile=0 showBar=0 showBarNTP=1
2026-09-22 17:03:00.734: [INFO] BookmarksSnapshot Shutdown total=0 bar=0 other=0 mobile=0 showBar=0 showBarNTP=1
2026-09-23 22:32:52.931: [INFO] CurrentProfilePath: C:\Users\arthu\OneDrive\Área de Trabalho\Atividades_Lista_3_Aula_3\.metadata\.plugins\org.eclipse.swt\EBWebView\Default
2026-09-23 22:32:52.932: [INFO] Profiles total count: 1
2026-09-23 22:32:52.932: [INFO] Profile: name=Perfil 1 path=C:\Users\arthu\OneDrive\Área de Trabalho\Atividades_Lista_3_Aula_3\.metadata\.plugins\org.eclipse.swt\EBWebView\Default lastActive=2026-09-21T17:32:28.415Z
2026-09-23 22:32:52.932: [INFO] LastUsedProfileDir: C:\Users\arthu\OneDrive\Área de Trabalho\Atividades_Lista_3_Aula_3\.metadata\.plugins\org.eclipse.swt\EBWebView\Default
2026-09-23 22:32:52.932: [INFO] MostRecentlyActiveProfile: name=Perfil 1 path=C:\Users\arthu\OneDrive\Área de Trabalho\Atividades_Lista_3_Aula_3\.metadata\.plugins\org.eclipse.swt\EBWebView\Default lastActive=2026-09-21T17:32:28.415Z
2026-09-23 22:32:52.932: [INFO] OnDoneLoading sync enabled: 0
2026-09-23 22:32:52.932: [INFO] BookmarkModelLoaded, ids_reassigned: 0
2026-09-23 22:32:52.932: [INFO] BookmarksLoadDropped droppedNodes=0
2026-09-23 22:32:52.932: [INFO] BookmarksSnapshot Startup total=0 bar=0 other=0 mobile=0 showBar=0 showBarNTP=1
2026-09-23 22:34:58.938: [INFO] BookmarksSnapshot Shutdown total=0 bar=0 other=0 mobile=0 showBar=0 showBarNTP=1
2026-09-24 16:08:57.014: [INFO] CurrentProfilePath: C:\Users\arthu\OneDrive\Área de Trabalho\Atividades_Lista_3_Aula_3\.metadata\.plugins\org.eclipse.swt\EBWebView\Default
2026-09-24 16:08:57.014: [INFO] Profiles total count: 1
2026-09-24 16:08:57.014: [INFO] Profile: name=Perfil 1 path=C:\Users\arthu\OneDrive\Área de Trabalho\Atividades_Lista_3_Aula_3\.metadata\.plugins\org.eclipse.swt\EBWebView\Default lastActive=2026-09-23T22:34:58.058Z
2026-09-24 16:08:57.014: [INFO] LastUsedProfileDir: C:\Users\arthu\OneDrive\Área de Trabalho\Atividades_Lista_3_Aula_3\.metadata\.plugins\org.eclipse.swt\EBWebView\Default
2026-09-24 16:08:57.014: [INFO] MostRecentlyActiveProfile: name=Perfil 1 path=C:\Users\arthu\OneDrive\Área de Trabalho\Atividades_Lista_3_Aula_3\.metadata\.plugins\org.eclipse.swt\EBWebView\Default lastActive=2026-09-23T22:34:58.058Z
2026-09-24 16:08:57.014: [INFO] OnDoneLoading sync enabled: 0
2026-09-24 16:08:57.014: [INFO] BookmarkModelLoaded, ids_reassigned: 0
2026-09-24 16:08:57.014: [INFO] BookmarksLoadDropped droppedNodes=0
2026-09-24 16:08:57.014: [INFO] BookmarksSnapshot Startup total=0 bar=0 other=0 mobile=0 showBar=0 showBarNTP=1
2026-09-24 16:09:07.319: [INFO] BookmarksSnapshot Shutdown total=0 bar=0 other=0 mobile=0 showBar=0 showBarNTP=1
2026-09-24 16:10:27.278: [INFO] CurrentProfilePath: C:\Users\arthu\OneDrive\Área de Trabalho\Atividades_Lista_3_Aula_3\.metadata\.plugins\org.eclipse.swt\EBWebView\Default
2026-09-24 16:10:27.278: [INFO] Profiles total count: 1
2026-09-24 16:10:27.278: [INFO] Profile: name=Perfil 1 path=C:\Users\arthu\OneDrive\Área de Trabalho\Atividades_Lista_3_Aula_3\.metadata\.plugins\org.eclipse.swt\EBWebView\Default lastActive=2026-09-23T22:34:58.058Z
2026-09-24 16:10:27.278: [INFO] LastUsedProfileDir: C:\Users\arthu\OneDrive\Área de Trabalho\Atividades_Lista_3_Aula_3\.metadata\.plugins\org.eclipse.swt\EBWebView\Default
2026-09-24 16:10:27.278: [INFO] MostRecentlyActiveProfile: name=Perfil 1 path=C:\Users\arthu\OneDrive\Área de Trabalho\Atividades_Lista_3_Aula_3\.metadata\.plugins\org.eclipse.swt\EBWebView\Default lastActive=2026-09-23T22:34:58.058Z
2026-09-24 16:10:27.278: [INFO] OnDoneLoading sync enabled: 0
2026-09-24 16:10:27.278: [INFO] BookmarkModelLoaded, ids_reassigned: 0
2026-09-24 16:10:27.278: [INFO] BookmarksLoadDropped droppedNodes=0
2026-09-24 16:10:27.278: [INFO] BookmarksSnapshot Startup total=0 bar=0 other=0 mobile=0 showBar=0 showBarNTP=1
2026-09-24 16:11:58.929: [INFO] BookmarksSnapshot Shutdown total=0 bar=0 other=0 mobile=0 showBar=0 showBarNTP=1
2026-09-24 16:12:55.849: [INFO] CurrentProfilePath: C:\Users\arthu\OneDrive\Área de Trabalho\Atividades_Lista_3_Aula_3\.metadata\.plugins\org.eclipse.swt\EBWebView\Default
2026-09-24 16:12:55.849: [INFO] Profiles total count: 1
2026-09-24 16:12:55.850: [INFO] Profile: name=Perfil 1 path=C:\Users\arthu\OneDrive\Área de Trabalho\Atividades_Lista_3_Aula_3\.metadata\.plugins\org.eclipse.swt\EBWebView\Default lastActive=2026-09-23T22:34:58.058Z
2026-09-24 16:12:55.850: [INFO] LastUsedProfileDir: C:\Users\arthu\OneDrive\Área de Trabalho\Atividades_Lista_3_Aula_3\.metadata\.plugins\org.eclipse.swt\EBWebView\Default
2026-09-24 16:12:55.850: [INFO] MostRecentlyActiveProfile: name=Perfil 1 path=C:\Users\arthu\OneDrive\Área de Trabalho\Atividades_Lista_3_Aula_3\.metadata\.plugins\org.eclipse.swt\EBWebView\Default lastActive=2026-09-23T22:34:58.058Z
2026-09-24 16:12:55.850: [INFO] OnDoneLoading sync enabled: 0
2026-09-24 16:12:55.850: [INFO] BookmarkModelLoaded, ids_reassigned: 0
2026-09-24 16:12:55.850: [INFO] BookmarksLoadDropped droppedNodes=0
2026-09-24 16:12:55.850: [INFO] BookmarksSnapshot Startup total=0 bar=0 other=0 mobile=0 showBar=0 showBarNTP=1
2026-09-24 18:08:20.927: [INFO] BookmarksSnapshot Shutdown total=0 bar=0 other=0 mobile=0 showBar=0 showBarNTP=1
2026-09-25 02:29:39.712: [INFO] CurrentProfilePath: C:\Users\arthu\OneDrive\Área de Trabalho\Atividades_Lista_3_Aula_3\.metadata\.plugins\org.eclipse.swt\EBWebView\Default
2026-09-25 02:29:39.712: [INFO] Profiles total count: 1
2026-09-25 02:29:39.712: [INFO] Profile: name=Perfil 1 path=C:\Users\arthu\OneDrive\Área de Trabalho\Atividades_Lista_3_Aula_3\.metadata\.plugins\org.eclipse.swt\EBWebView\Default lastActive=2026-09-23T22:34:58.058Z
2026-09-25 02:29:39.712: [INFO] LastUsedProfileDir: C:\Users\arthu\OneDrive\Área de Trabalho\Atividades_Lista_3_Aula_3\.metadata\.plugins\org.eclipse.swt\EBWebView\Default
2026-09-25 02:29:39.713: [INFO] MostRecentlyActiveProfile: name=Perfil 1 path=C:\Users\arthu\OneDrive\Área de Trabalho\Atividades_Lista_3_Aula_3\.metadata\.plugins\org.eclipse.swt\EBWebView\Default lastActive=2026-09-23T22:34:58.058Z
2026-09-25 02:29:39.713: [INFO] OnDoneLoading sync enabled: 0
2026-09-25 02:29:39.713: [INFO] BookmarkModelLoaded, ids_reassigned: 0
2026-09-25 02:29:39.713: [INFO] BookmarksLoadDropped droppedNodes=0
2026-09-25 02:29:39.713: [INFO] BookmarksSnapshot Startup total=0 bar=0 other=0 mobile=0 showBar=0 showBarNTP=1
2026-09-25 10:33:18.561: [INFO] BookmarksSnapshot Shutdown total=0 bar=0 other=0 mobile=0 showBar=0 showBarNTP=1
2026-09-25 15:56:56.406: [INFO] CurrentProfilePath: C:\Users\arthu\OneDrive\Área de Trabalho\Atividades_Lista_3_Aula_3\.metadata\.plugins\org.eclipse.swt\EBWebView\Default
2026-09-25 15:56:56.406: [INFO] Profiles total count: 1
2026-09-25 15:56:56.406: [INFO] Profile: name=Perfil 1 path=C:\Users\arthu\OneDrive\Área de Trabalho\Atividades_Lista_3_Aula_3\.metadata\.plugins\org.eclipse.swt\EBWebView\Default lastActive=2026-09-25T10:33:16.287Z
2026-09-25 15:56:56.406: [INFO] LastUsedProfileDir: C:\Users\arthu\OneDrive\Área de Trabalho\Atividades_Lista_3_Aula_3\.metadata\.plugins\org.eclipse.swt\EBWebView\Default
2026-09-25 15:56:56.406: [INFO] MostRecentlyActiveProfile: name=Perfil 1 path=C:\Users\arthu\OneDrive\Área de Trabalho\Atividades_Lista_3_Aula_3\.metadata\.plugins\org.eclipse.swt\EBWebView\Default lastActive=2026-09-25T10:33:16.287Z
2026-09-25 15:56:56.406: [INFO] OnDoneLoading sync enabled: 0
2026-09-25 15:56:56.406: [INFO] BookmarkModelLoaded, ids_reassigned: 0
2026-09-25 15:56:56.406: [INFO] BookmarksLoadDropped droppedNodes=0
2026-09-25 15:56:56.406: [INFO] BookmarksSnapshot Startup total=0 bar=0 other=0 mobile=0 showBar=0 showBarNTP=1
2026-09-25 15:57:18.196: [INFO] BookmarksSnapshot Shutdown total=0 bar=0 other=0 mobile=0 showBar=0 showBarNTP=1
2026-09-25 17:45:52.763: [INFO] CurrentProfilePath: C:\Users\arthu\OneDrive\Área de Trabalho\Atividades_Lista_3_Aula_3\.metadata\.plugins\org.eclipse.swt\EBWebView\Default
2026-09-25 17:45:52.763: [INFO] Profiles total count: 1
2026-09-25 17:45:52.763: [INFO] Profile: name=Perfil 1 path=C:\Users\arthu\OneDrive\Área de Trabalho\Atividades_Lista_3_Aula_3\.metadata\.plugins\org.eclipse.swt\EBWebView\Default lastActive=2026-09-25T10:33:16.287Z
2026-09-25 17:45:52.763: [INFO] LastUsedProfileDir: C:\Users\arthu\OneDrive\Área de Trabalho\Atividades_Lista_3_Aula_3\.metadata\.plugins\org.eclipse.swt\EBWebView\Default
2026-09-25 17:45:52.763: [INFO] MostRecentlyActiveProfile: name=Perfil 1 path=C:\Users\arthu\OneDrive\Área de Trabalho\Atividades_Lista_3_Aula_3\.metadata\.plugins\org.eclipse.swt\EBWebView\Default lastActive=2026-09-25T10:33:16.287Z
2026-09-25 17:45:52.763: [INFO] OnDoneLoading sync enabled: 0
2026-09-25 17:45:52.763: [INFO] BookmarkModelLoaded, ids_reassigned: 0
2026-09-25 17:45:52.763: [INFO] BookmarksLoadDropped droppedNodes=0
2026-09-25 17:45:52.763: [INFO] BookmarksSnapshot Startup total=0 bar=0 other=0 mobile=0 showBar=0 showBarNTP=1
2026-09-25 17:54:37.976: [INFO] BookmarksSnapshot Shutdown total=0 bar=0 other=0 mobile=0 showBar=0 showBarNTP=1
2026-09-26 18:03:06.495: [INFO] CurrentProfilePath: C:\Users\arthu\OneDrive\Área de Trabalho\Atividades_Lista_3_Aula_3\.metadata\.plugins\org.eclipse.swt\EBWebView\Default
2026-09-26 18:03:06.495: [INFO] Profiles total count: 1
2026-09-26 18:03:06.495: [INFO] Profile: name=Perfil 1 path=C:\Users\arthu\OneDrive\Área de Trabalho\Atividades_Lista_3_Aula_3\.metadata\.plugins\org.eclipse.swt\EBWebView\Default lastActive=2026-09-25T10:33:16.287Z
2026-09-26 18:03:06.495: [INFO] LastUsedProfileDir: C:\Users\arthu\OneDrive\Área de Trabalho\Atividades_Lista_3_Aula_3\.metadata\.plugins\org.eclipse.swt\EBWebView\Default
2026-09-26 18:03:06.495: [INFO] MostRecentlyActiveProfile: name=Perfil 1 path=C:\Users\arthu\OneDrive\Área de Trabalho\Atividades_Lista_3_Aula_3\.metadata\.plugins\org.eclipse.swt\EBWebView\Default lastActive=2026-09-25T10:33:16.287Z
2026-09-26 18:03:06.495: [INFO] OnDoneLoading sync enabled: 0
2026-09-26 18:03:06.495: [INFO] BookmarkModelLoaded, ids_reassigned: 0
2026-09-26 18:03:06.495: [INFO] BookmarksLoadDropped droppedNodes=0
2026-09-26 18:03:06.495: [INFO] BookmarksSnapshot Startup total=0 bar=0 other=0 mobile=0 showBar=0 showBarNTP=1
2026-09-26 18:05:21.802: [INFO] BookmarksSnapshot Shutdown total=0 bar=0 other=0 mobile=0 showBar=0 showBarNTP=1
2026-09-26 18:06:00.769: [INFO] CurrentProfilePath: C:\Users\arthu\OneDrive\Área de Trabalho\Atividades_Lista_3_Aula_3\.metadata\.plugins\org.eclipse.swt\EBWebView\Default
2026-09-26 18:06:00.769: [INFO] Profiles total count: 1
2026-09-26 18:06:00.770: [INFO] Profile: name=Perfil 1 path=C:\Users\arthu\OneDrive\Área de Trabalho\Atividades_Lista_3_Aula_3\.metadata\.plugins\org.eclipse.swt\EBWebView\Default lastActive=2026-09-26T18:05:21.493Z
2026-09-26 18:06:00.770: [INFO] LastUsedProfileDir: C:\Users\arthu\OneDrive\Área de Trabalho\Atividades_Lista_3_Aula_3\.metadata\.plugins\org.eclipse.swt\EBWebView\Default
2026-09-26 18:06:00.770: [INFO] MostRecentlyActiveProfile: name=Perfil 1 path=C:\Users\arthu\OneDrive\Área de Trabalho\Atividades_Lista_3_Aula_3\.metadata\.plugins\org.eclipse.swt\EBWebView\Default lastActive=2026-09-26T18:05:21.493Z
2026-09-26 18:06:00.770: [INFO] OnDoneLoading sync enabled: 0
2026-09-26 18:06:00.770: [INFO] BookmarkModelLoaded, ids_reassigned: 0
2026-09-26 18:06:00.770: [INFO] BookmarksLoadDropped droppedNodes=0
2026-09-26 18:06:00.770: [INFO] BookmarksSnapshot Startup total=0 bar=0 other=0 mobile=0 showBar=0 showBarNTP=1
2026-09-26 18:40:15.074: [INFO] BookmarksSnapshot Shutdown total=0 bar=0 other=0 mobile=0 showBar=0 showBarNTP=1
2026-09-26 19:06:29.940: [INFO] CurrentProfilePath: C:\Users\arthu\OneDrive\Área de Trabalho\Atividades_Lista_3_Aula_3\.metadata\.plugins\org.eclipse.swt\EBWebView\Default
2026-09-26 19:06:29.940: [INFO] Profiles total count: 1
2026-09-26 19:06:29.940: [INFO] Profile: name=Perfil 1 path=C:\Users\arthu\OneDrive\Área de Trabalho\Atividades_Lista_3_Aula_3\.metadata\.plugins\org.eclipse.swt\EBWebView\Default lastActive=2026-09-26T18:05:21.493Z
2026-09-26 19:06:29.940: [INFO] LastUsedProfileDir: C:\Users\arthu\OneDrive\Área de Trabalho\Atividades_Lista_3_Aula_3\.metadata\.plugins\org.eclipse.swt\EBWebView\Default
2026-09-26 19:06:29.940: [INFO] MostRecentlyActiveProfile: name=Perfil 1 path=C:\Users\arthu\OneDrive\Área de Trabalho\Atividades_Lista_3_Aula_3\.metadata\.plugins\org.eclipse.swt\EBWebView\Default lastActive=2026-09-26T18:05:21.493Z
2026-09-26 19:06:29.940: [INFO] OnDoneLoading sync enabled: 0
2026-09-26 19:06:29.940: [INFO] BookmarkModelLoaded, ids_reassigned: 0
2026-09-26 19:06:29.940: [INFO] BookmarksLoadDropped droppedNodes=0
2026-09-26 19:06:29.940: [INFO] BookmarksSnapshot Startup total=0 bar=0 other=0 mobile=0 showBar=0 showBarNTP=1
2026-09-26 20:48:56.098: [INFO] BookmarksSnapshot Shutdown total=0 bar=0 other=0 mobile=0 showBar=0 showBarNTP=1
2026-09-26 20:51:24.001: [INFO] CurrentProfilePath: C:\Users\arthu\OneDrive\Área de Trabalho\Atividades_Lista_3_Aula_3\.metadata\.plugins\org.eclipse.swt\EBWebView\Default
2026-09-26 20:51:24.001: [INFO] Profiles total count: 1
2026-09-26 20:51:24.001: [INFO] Profile: name=Perfil 1 path=C:\Users\arthu\OneDrive\Área de Trabalho\Atividades_Lista_3_Aula_3\.metadata\.plugins\org.eclipse.swt\EBWebView\Default lastActive=2026-09-26T18:05:21.493Z
2026-09-26 20:51:24.001: [INFO] LastUsedProfileDir: C:\Users\arthu\OneDrive\Área de Trabalho\Atividades_Lista_3_Aula_3\.metadata\.plugins\org.eclipse.swt\EBWebView\Default
2026-09-26 20:51:24.001: [INFO] MostRecentlyActiveProfile: name=Perfil 1 path=C:\Users\arthu\OneDrive\Área de Trabalho\Atividades_Lista_3_Aula_3\.metadata\.plugins\org.eclipse.swt\EBWebView\Default lastActive=2026-09-26T18:05:21.493Z
2026-09-26 20:51:24.001: [INFO] OnDoneLoading sync enabled: 0
2026-09-26 20:51:24.001: [INFO] BookmarkModelLoaded, ids_reassigned: 0
2026-09-26 20:51:24.001: [INFO] BookmarksLoadDropped droppedNodes=0
2026-09-26 20:51:24.001: [INFO] BookmarksSnapshot Startup total=0 bar=0 other=0 mobile=0 showBar=0 showBarNTP=1
2026-09-26 20:51:30.949: [INFO] BookmarksSnapshot Shutdown total=0 bar=0 other=0 mobile=0 showBar=0 showBarNTP=1
2026-09-26 21:00:09.154: [INFO] CurrentProfilePath: C:\Users\arthu\OneDrive\Área de Trabalho\Atividades_Lista_3_Aula_3\.metadata\.plugins\org.eclipse.swt\EBWebView\Default
2026-09-26 21:00:09.155: [INFO] Profiles total count: 1
2026-09-26 21:00:09.155: [INFO] Profile: name=Perfil 1 path=C:\Users\arthu\OneDrive\Área de Trabalho\Atividades_Lista_3_Aula_3\.metadata\.plugins\org.eclipse.swt\EBWebView\Default lastActive=2026-09-26T18:05:21.493Z
2026-09-26 21:00:09.155: [INFO] LastUsedProfileDir: C:\Users\arthu\OneDrive\Área de Trabalho\Atividades_Lista_3_Aula_3\.metadata\.plugins\org.eclipse.swt\EBWebView\Default
2026-09-26 21:00:09.155: [INFO] MostRecentlyActiveProfile: name=Perfil 1 path=C:\Users\arthu\OneDrive\Área de Trabalho\Atividades_Lista_3_Aula_3\.metadata\.plugins\org.eclipse.swt\EBWebView\Default lastActive=2026-09-26T18:05:21.493Z
2026-09-26 21:00:09.155: [INFO] OnDoneLoading sync enabled: 0
2026-09-26 21:00:09.155: [INFO] BookmarkModelLoaded, ids_reassigned: 0
2026-09-26 21:00:09.155: [INFO] BookmarksLoadDropped droppedNodes=0
2026-09-26 21:00:09.155: [INFO] BookmarksSnapshot Startup total=0 bar=0 other=0 mobile=0 showBar=0 showBarNTP=1
2026-09-26 22:48:11.670: [INFO] BookmarksSnapshot Shutdown total=0 bar=0 other=0 mobile=0 showBar=0 showBarNTP=1
2026-09-26 22:48:15.627: [INFO] CurrentProfilePath: C:\Users\arthu\OneDrive\Área de Trabalho\Atividades_Lista_3_Aula_3\.metadata\.plugins\org.eclipse.swt\EBWebView\Default
2026-09-26 22:48:15.627: [INFO] Profiles total count: 1
2026-09-26 22:48:15.627: [INFO] Profile: name=Perfil 1 path=C:\Users\arthu\OneDrive\Área de Trabalho\Atividades_Lista_3_Aula_3\.metadata\.plugins\org.eclipse.swt\EBWebView\Default lastActive=2026-09-26T18:05:21.493Z
2026-09-26 22:48:15.627: [INFO] LastUsedProfileDir: C:\Users\arthu\OneDrive\Área de Trabalho\Atividades_Lista_3_Aula_3\.metadata\.plugins\org.eclipse.swt\EBWebView\Default
2026-09-26 22:48:15.627: [INFO] MostRecentlyActiveProfile: name=Perfil 1 path=C:\Users\arthu\OneDrive\Área de Trabalho\Atividades_Lista_3_Aula_3\.metadata\.plugins\org.eclipse.swt\EBWebView\Default lastActive=2026-09-26T18:05:21.493Z
2026-09-26 22:48:15.627: [INFO] OnDoneLoading sync enabled: 0
2026-09-26 22:48:15.627: [INFO] BookmarkModelLoaded, ids_reassigned: 0
2026-09-26 22:48:15.627: [INFO] BookmarksLoadDropped droppedNodes=0
2026-09-26 22:48:15.627: [INFO] BookmarksSnapshot Startup total=0 bar=0 other=0 mobile=0 showBar=0 showBarNTP=1
2026-09-26 22:48:20.420: [INFO] BookmarksSnapshot Shutdown total=0 bar=0 other=0 mobile=0 showBar=0 showBarNTP=1
2026-09-26 22:48:23.476: [INFO] CurrentProfilePath: C:\Users\arthu\OneDrive\Área de Trabalho\Atividades_Lista_3_Aula_3\.metadata\.plugins\org.eclipse.swt\EBWebView\Default
2026-09-26 22:48:23.476: [INFO] Profiles total count: 1
2026-09-26 22:48:23.476: [INFO] Profile: name=Perfil 1 path=C:\Users\arthu\OneDrive\Área de Trabalho\Atividades_Lista_3_Aula_3\.metadata\.plugins\org.eclipse.swt\EBWebView\Default lastActive=2026-09-26T18:05:21.493Z
2026-09-26 22:48:23.476: [INFO] LastUsedProfileDir: C:\Users\arthu\OneDrive\Área de Trabalho\Atividades_Lista_3_Aula_3\.metadata\.plugins\org.eclipse.swt\EBWebView\Default
2026-09-26 22:48:23.476: [INFO] MostRecentlyActiveProfile: name=Perfil 1 path=C:\Users\arthu\OneDrive\Área de Trabalho\Atividades_Lista_3_Aula_3\.metadata\.plugins\org.eclipse.swt\EBWebView\Default lastActive=2026-09-26T18:05:21.493Z
2026-09-26 22:48:23.476: [INFO] OnDoneLoading sync enabled: 0
2026-09-26 22:48:23.476: [INFO] BookmarkModelLoaded, ids_reassigned: 0
2026-09-26 22:48:23.476: [INFO] BookmarksLoadDropped droppedNodes=0
2026-09-26 22:48:23.476: [INFO] BookmarksSnapshot Startup total=0 bar=0 other=0 mobile=0 showBar=0 showBarNTP=1
2026-09-26 22:53:14.467: [INFO] BookmarksSnapshot Shutdown total=0 bar=0 other=0 mobile=0 showBar=0 showBarNTP=1
2026-09-26 22:53:34.323: [INFO] CurrentProfilePath: C:\Users\arthu\OneDrive\Área de Trabalho\Atividades_Lista_3_Aula_3\.metadata\.plugins\org.eclipse.swt\EBWebView\Default
2026-09-26 22:53:34.323: [INFO] Profiles total count: 1
2026-09-26 22:53:34.323: [INFO] Profile: name=Perfil 1 path=C:\Users\arthu\OneDrive\Área de Trabalho\Atividades_Lista_3_Aula_3\.metadata\.plugins\org.eclipse.swt\EBWebView\Default lastActive=2026-09-26T18:05:21.493Z
2026-09-26 22:53:34.323: [INFO] LastUsedProfileDir: C:\Users\arthu\OneDrive\Área de Trabalho\Atividades_Lista_3_Aula_3\.metadata\.plugins\org.eclipse.swt\EBWebView\Default
2026-09-26 22:53:34.323: [INFO] MostRecentlyActiveProfile: name=Perfil 1 path=C:\Users\arthu\OneDrive\Área de Trabalho\Atividades_Lista_3_Aula_3\.metadata\.plugins\org.eclipse.swt\EBWebView\Default lastActive=2026-09-26T18:05:21.493Z
2026-09-26 22:53:34.324: [INFO] OnDoneLoading sync enabled: 0
2026-09-26 22:53:34.324: [INFO] BookmarkModelLoaded, ids_reassigned: 0
2026-09-26 22:53:34.324: [INFO] BookmarksLoadDropped droppedNodes=0
2026-09-26 22:53:34.324: [INFO] BookmarksSnapshot Startup total=0 bar=0 other=0 mobile=0 showBar=0 showBarNTP=1
2026-09-26 23:01:14.675: [INFO] BookmarksSnapshot Shutdown total=0 bar=0 other=0 mobile=0 showBar=0 showBarNTP=1
2026-09-26 23:03:17.565: [INFO] CurrentProfilePath: C:\Users\arthu\OneDrive\Área de Trabalho\Atividades_Lista_3_Aula_3\.metadata\.plugins\org.eclipse.swt\EBWebView\Default
2026-09-26 23:03:17.565: [INFO] Profiles total count: 1
2026-09-26 23:03:17.565: [INFO] Profile: name=Perfil 1 path=C:\Users\arthu\OneDrive\Área de Trabalho\Atividades_Lista_3_Aula_3\.metadata\.plugins\org.eclipse.swt\EBWebView\Default lastActive=2026-09-26T18:05:21.493Z
2026-09-26 23:03:17.565: [INFO] LastUsedProfileDir: C:\Users\arthu\OneDrive\Área de Trabalho\Atividades_Lista_3_Aula_3\.metadata\.plugins\org.eclipse.swt\EBWebView\Default
2026-09-26 23:03:17.565: [INFO] MostRecentlyActiveProfile: name=Perfil 1 path=C:\Users\arthu\OneDrive\Área de Trabalho\Atividades_Lista_3_Aula_3\.metadata\.plugins\org.eclipse.swt\EBWebView\Default lastActive=2026-09-26T18:05:21.493Z
2026-09-26 23:03:17.566: [INFO] OnDoneLoading sync enabled: 0
2026-09-26 23:03:17.566: [INFO] BookmarkModelLoaded, ids_reassigned: 0
2026-09-26 23:03:17.566: [INFO] BookmarksLoadDropped droppedNodes=0
2026-09-26 23:03:17.566: [INFO] BookmarksSnapshot Startup total=0 bar=0 other=0 mobile=0 showBar=0 showBarNTP=1
2026-09-27 02:24:35.431: [INFO] BookmarksSnapshot Shutdown total=0 bar=0 other=0 mobile=0 showBar=0 showBarNTP=1
