2026-09-28 09:48:30.119: [INFO] CurrentProfilePath: C:\Users\arthu\OneDrive\Área de Trabalho\Trabalho 1\Primeiro Trabalho\.metadata\.plugins\org.eclipse.swt\EBWebView\Default
2026-09-28 09:48:30.119: [INFO] Profiles total count: 1
2026-09-28 09:48:30.119: [INFO] Profile: name=Perfil 1 path=C:\Users\arthu\OneDrive\Área de Trabalho\Trabalho 1\Primeiro Trabalho\.metadata\.plugins\org.eclipse.swt\EBWebView\Default lastActive=null
2026-09-28 09:48:30.119: [INFO] LastUsedProfileDir: C:\Users\arthu\OneDrive\Área de Trabalho\Trabalho 1\Primeiro Trabalho\.metadata\.plugins\org.eclipse.swt\EBWebView\Default
2026-09-28 09:48:30.119: [INFO] OnDoneLoading sync enabled: 0
2026-09-28 09:48:30.119: [INFO] BookmarkModelLoaded, ids_reassigned: 0
2026-09-28 09:48:30.119: [INFO] BookmarksLoadDropped droppedNodes=0
2026-09-28 09:48:30.119: [INFO] BookmarksSnapshot Startup total=0 bar=0 other=0 mobile=0 showBar=0 showBarNTP=1
2026-09-28 09:48:41.590: [INFO] BookmarksSnapshot Shutdown total=0 bar=0 other=0 mobile=0 showBar=0 showBarNTP=1
2026-09-28 10:58:11.114: [INFO] CurrentProfilePath: C:\Users\arthu\OneDrive\Área de Trabalho\Trabalho 1\Primeiro Trabalho\.metadata\.plugins\org.eclipse.swt\EBWebView\Default
2026-09-28 10:58:11.114: [INFO] Profiles total count: 1
2026-09-28 10:58:11.114: [INFO] Profile: name=Perfil 1 path=C:\Users\arthu\OneDrive\Área de Trabalho\Trabalho 1\Primeiro Trabalho\.metadata\.plugins\org.eclipse.swt\EBWebView\Default lastActive=2026-09-28T09:48:31.709Z
2026-09-28 10:58:11.114: [INFO] LastUsedProfileDir: C:\Users\arthu\OneDrive\Área de Trabalho\Trabalho 1\Primeiro Trabalho\.metadata\.plugins\org.eclipse.swt\EBWebView\Default
2026-09-28 10:58:11.114: [INFO] MostRecentlyActiveProfile: name=Perfil 1 path=C:\Users\arthu\OneDrive\Área de Trabalho\Trabalho 1\Primeiro Trabalho\.metadata\.plugins\org.eclipse.swt\EBWebView\Default lastActive=2026-09-28T09:48:31.709Z
2026-09-28 10:58:11.114: [INFO] OnDoneLoading sync enabled: 0
2026-09-28 10:58:11.114: [INFO] BookmarkModelLoaded, ids_reassigned: 0
2026-09-28 10:58:11.114: [INFO] BookmarksLoadDropped droppedNodes=0
2026-09-28 10:58:11.114: [INFO] BookmarksSnapshot Startup total=0 bar=0 other=0 mobile=0 showBar=0 showBarNTP=1
2026-09-28 10:58:15.392: [INFO] BookmarksSnapshot Shutdown total=0 bar=0 other=0 mobile=0 showBar=0 showBarNTP=1
2026-09-28 10:59:40.069: [INFO] CurrentProfilePath: C:\Users\arthu\OneDrive\Área de Trabalho\Trabalho 1\Primeiro Trabalho\.metadata\.plugins\org.eclipse.swt\EBWebView\Default
2026-09-28 10:59:40.069: [INFO] Profiles total count: 1
2026-09-28 10:59:40.069: [INFO] Profile: name=Perfil 1 path=C:\Users\arthu\OneDrive\Área de Trabalho\Trabalho 1\Primeiro Trabalho\.metadata\.plugins\org.eclipse.swt\EBWebView\Default lastActive=2026-09-28T09:48:31.709Z
2026-09-28 10:59:40.069: [INFO] LastUsedProfileDir: C:\Users\arthu\OneDrive\Área de Trabalho\Trabalho 1\Primeiro Trabalho\.metadata\.plugins\org.eclipse.swt\EBWebView\Default
2026-09-28 10:59:40.069: [INFO] MostRecentlyActiveProfile: name=Perfil 1 path=C:\Users\arthu\OneDrive\Área de Trabalho\Trabalho 1\Primeiro Trabalho\.metadata\.plugins\org.eclipse.swt\EBWebView\Default lastActive=2026-09-28T09:48:31.709Z
2026-09-28 10:59:40.069: [INFO] OnDoneLoading sync enabled: 0
2026-09-28 10:59:40.069: [INFO] BookmarkModelLoaded, ids_reassigned: 0
2026-09-28 10:59:40.069: [INFO] BookmarksLoadDropped droppedNodes=0
2026-09-28 10:59:40.069: [INFO] BookmarksSnapshot Startup total=0 bar=0 other=0 mobile=0 showBar=0 showBarNTP=1
2026-09-28 12:20:55.466: [INFO] BookmarksSnapshot Shutdown total=0 bar=0 other=0 mobile=0 showBar=0 showBarNTP=1
2026-09-28 12:47:24.376: [INFO] CurrentProfilePath: C:\Users\arthu\OneDrive\Área de Trabalho\Trabalho 1\Primeiro Trabalho\.metadata\.plugins\org.eclipse.swt\EBWebView\Default
2026-09-28 12:47:24.376: [INFO] Profiles total count: 1
2026-09-28 12:47:24.377: [INFO] Profile: name=Perfil 1 path=C:\Users\arthu\OneDrive\Área de Trabalho\Trabalho 1\Primeiro Trabalho\.metadata\.plugins\org.eclipse.swt\EBWebView\Default lastActive=2026-09-28T09:48:31.709Z
2026-09-28 12:47:24.377: [INFO] LastUsedProfileDir: C:\Users\arthu\OneDrive\Área de Trabalho\Trabalho 1\Primeiro Trabalho\.metadata\.plugins\org.eclipse.swt\EBWebView\Default
2026-09-28 12:47:24.377: [INFO] MostRecentlyActiveProfile: name=Perfil 1 path=C:\Users\arthu\OneDrive\Área de Trabalho\Trabalho 1\Primeiro Trabalho\.metadata\.plugins\org.eclipse.swt\EBWebView\Default lastActive=2026-09-28T09:48:31.709Z
2026-09-28 12:47:24.377: [INFO] OnDoneLoading sync enabled: 0
2026-09-28 12:47:24.377: [INFO] BookmarkModelLoaded, ids_reassigned: 0
2026-09-28 12:47:24.377: [INFO] BookmarksLoadDropped droppedNodes=0
2026-09-28 12:47:24.377: [INFO] BookmarksSnapshot Startup total=0 bar=0 other=0 mobile=0 showBar=0 showBarNTP=1
2026-09-28 12:47:31.984: [INFO] BookmarksSnapshot Shutdown total=0 bar=0 other=0 mobile=0 showBar=0 showBarNTP=1
2026-09-28 12:47:33.859: [INFO] CurrentProfilePath: C:\Users\arthu\OneDrive\Área de Trabalho\Trabalho 1\Primeiro Trabalho\.metadata\.plugins\org.eclipse.swt\EBWebView\Default
2026-09-28 12:47:33.859: [INFO] Profiles total count: 1
2026-09-28 12:47:33.859: [INFO] Profile: name=Perfil 1 path=C:\Users\arthu\OneDrive\Área de Trabalho\Trabalho 1\Primeiro Trabalho\.metadata\.plugins\org.eclipse.swt\EBWebView\Default lastActive=2026-09-28T09:48:31.709Z
2026-09-28 12:47:33.859: [INFO] LastUsedProfileDir: C:\Users\arthu\OneDrive\Área de Trabalho\Trabalho 1\Primeiro Trabalho\.metadata\.plugins\org.eclipse.swt\EBWebView\Default
2026-09-28 12:47:33.859: [INFO] MostRecentlyActiveProfile: name=Perfil 1 path=C:\Users\arthu\OneDrive\Área de Trabalho\Trabalho 1\Primeiro Trabalho\.metadata\.plugins\org.eclipse.swt\EBWebView\Default lastActive=2026-09-28T09:48:31.709Z
2026-09-28 12:47:33.859: [INFO] OnDoneLoading sync enabled: 0
2026-09-28 12:47:33.859: [INFO] BookmarkModelLoaded, ids_reassigned: 0
2026-09-28 12:47:33.859: [INFO] BookmarksLoadDropped droppedNodes=0
2026-09-28 12:47:33.859: [INFO] BookmarksSnapshot Startup total=0 bar=0 other=0 mobile=0 showBar=0 showBarNTP=1
2026-09-28 13:08:09.244: [INFO] BookmarksSnapshot Shutdown total=0 bar=0 other=0 mobile=0 showBar=0 showBarNTP=1
2026-09-29 17:17:43.800: [INFO] CurrentProfilePath: C:\Users\arthu\OneDrive\Área de Trabalho\Trabalho 1\Primeiro Trabalho\.metadata\.plugins\org.eclipse.swt\EBWebView\Default
2026-09-29 17:17:43.800: [INFO] Profiles total count: 1
2026-09-29 17:17:43.801: [INFO] Profile: name=Perfil 1 path=C:\Users\arthu\OneDrive\Área de Trabalho\Trabalho 1\Primeiro Trabalho\.metadata\.plugins\org.eclipse.swt\EBWebView\Default lastActive=2026-09-28T09:48:31.709Z
2026-09-29 17:17:43.801: [INFO] LastUsedProfileDir: C:\Users\arthu\OneDrive\Área de Trabalho\Trabalho 1\Primeiro Trabalho\.metadata\.plugins\org.eclipse.swt\EBWebView\Default
2026-09-29 17:17:43.801: [INFO] MostRecentlyActiveProfile: name=Perfil 1 path=C:\Users\arthu\OneDrive\Área de Trabalho\Trabalho 1\Primeiro Trabalho\.metadata\.plugins\org.eclipse.swt\EBWebView\Default lastActive=2026-09-28T09:48:31.709Z
2026-09-29 17:17:43.801: [INFO] OnDoneLoading sync enabled: 0
2026-09-29 17:17:43.801: [INFO] BookmarkModelLoaded, ids_reassigned: 0
2026-09-29 17:17:43.801: [INFO] BookmarksLoadDropped droppedNodes=0
2026-09-29 17:17:43.801: [INFO] BookmarksSnapshot Startup total=0 bar=0 other=0 mobile=0 showBar=0 showBarNTP=1
2026-09-29 17:20:19.776: [INFO] BookmarksSnapshot Shutdown total=0 bar=0 other=0 mobile=0 showBar=0 showBarNTP=1
2026-09-29 17:21:59.287: [INFO] CurrentProfilePath: C:\Users\arthu\OneDrive\Área de Trabalho\Trabalho 1\Primeiro Trabalho\.metadata\.plugins\org.eclipse.swt\EBWebView\Default
2026-09-29 17:21:59.287: [INFO] Profiles total count: 1
2026-09-29 17:21:59.287: [INFO] Profile: name=Perfil 1 path=C:\Users\arthu\OneDrive\Área de Trabalho\Trabalho 1\Primeiro Trabalho\.metadata\.plugins\org.eclipse.swt\EBWebView\Default lastActive=2026-09-29T17:20:16.981Z
2026-09-29 17:21:59.287: [INFO] LastUsedProfileDir: C:\Users\arthu\OneDrive\Área de Trabalho\Trabalho 1\Primeiro Trabalho\.metadata\.plugins\org.eclipse.swt\EBWebView\Default
2026-09-29 17:21:59.287: [INFO] MostRecentlyActiveProfile: name=Perfil 1 path=C:\Users\arthu\OneDrive\Área de Trabalho\Trabalho 1\Primeiro Trabalho\.metadata\.plugins\org.eclipse.swt\EBWebView\Default lastActive=2026-09-29T17:20:16.981Z
2026-09-29 17:21:59.287: [INFO] OnDoneLoading sync enabled: 0
2026-09-29 17:21:59.287: [INFO] BookmarkModelLoaded, ids_reassigned: 0
2026-09-29 17:21:59.287: [INFO] BookmarksLoadDropped droppedNodes=0
2026-09-29 17:21:59.287: [INFO] BookmarksSnapshot Startup total=0 bar=0 other=0 mobile=0 showBar=0 showBarNTP=1
2026-09-29 17:22:01.558: [INFO] BookmarksSnapshot Shutdown total=0 bar=0 other=0 mobile=0 showBar=0 showBarNTP=1
2026-10-02 17:05:56.734: [INFO] CurrentProfilePath: C:\Users\arthu\OneDrive\Área de Trabalho\Trabalho 1\Primeiro Trabalho\.metadata\.plugins\org.eclipse.swt\EBWebView\Default
2026-10-02 17:05:56.734: [INFO] Profiles total count: 1
2026-10-02 17:05:56.734: [INFO] Profile: name=Perfil 1 path=C:\Users\arthu\OneDrive\Área de Trabalho\Trabalho 1\Primeiro Trabalho\.metadata\.plugins\org.eclipse.swt\EBWebView\Default lastActive=2026-09-29T17:20:16.981Z
2026-10-02 17:05:56.734: [INFO] LastUsedProfileDir: C:\Users\arthu\OneDrive\Área de Trabalho\Trabalho 1\Primeiro Trabalho\.metadata\.plugins\org.eclipse.swt\EBWebView\Default
2026-10-02 17:05:56.734: [INFO] MostRecentlyActiveProfile: name=Perfil 1 path=C:\Users\arthu\OneDrive\Área de Trabalho\Trabalho 1\Primeiro Trabalho\.metadata\.plugins\org.eclipse.swt\EBWebView\Default lastActive=2026-09-29T17:20:16.981Z
2026-10-02 17:05:56.734: [INFO] OnDoneLoading sync enabled: 0
2026-10-02 17:05:56.734: [INFO] BookmarkModelLoaded, ids_reassigned: 0
2026-10-02 17:05:56.734: [INFO] BookmarksLoadDropped droppedNodes=0
2026-10-02 17:05:56.734: [INFO] BookmarksSnapshot Startup total=0 bar=0 other=0 mobile=0 showBar=0 showBarNTP=1
2026-10-02 17:06:01.457: [INFO] BookmarksSnapshot Shutdown total=0 bar=0 other=0 mobile=0 showBar=0 showBarNTP=1
